Archive member included to satisfy reference by file (symbol)

/Applications/ARM/bin/../lib/gcc/arm-none-eabi/10.3.1/../../../../arm-none-eabi/lib/thumb/v7-m/nofp/libc.a(lib_a-errno.o)
                              CMakeFiles/WoCaoLCD.elf.dir/Core/Src/syscalls.c.obj (__errno)
/Applications/ARM/bin/../lib/gcc/arm-none-eabi/10.3.1/../../../../arm-none-eabi/lib/thumb/v7-m/nofp/libc.a(lib_a-exit.o)
                              /Applications/ARM/bin/../lib/gcc/arm-none-eabi/10.3.1/../../../../arm-none-eabi/lib/thumb/v7-m/nofp/crt0.o (exit)
/Applications/ARM/bin/../lib/gcc/arm-none-eabi/10.3.1/../../../../arm-none-eabi/lib/thumb/v7-m/nofp/libc.a(lib_a-impure.o)
                              /Applications/ARM/bin/../lib/gcc/arm-none-eabi/10.3.1/../../../../arm-none-eabi/lib/thumb/v7-m/nofp/libc.a(lib_a-exit.o) (_global_impure_ptr)
/Applications/ARM/bin/../lib/gcc/arm-none-eabi/10.3.1/../../../../arm-none-eabi/lib/thumb/v7-m/nofp/libc.a(lib_a-init.o)
                              /Applications/ARM/bin/../lib/gcc/arm-none-eabi/10.3.1/../../../../arm-none-eabi/lib/thumb/v7-m/nofp/crt0.o (__libc_init_array)
/Applications/ARM/bin/../lib/gcc/arm-none-eabi/10.3.1/../../../../arm-none-eabi/lib/thumb/v7-m/nofp/libc.a(lib_a-memset.o)
                              /Applications/ARM/bin/../lib/gcc/arm-none-eabi/10.3.1/../../../../arm-none-eabi/lib/thumb/v7-m/nofp/crt0.o (memset)
/Applications/ARM/bin/../lib/gcc/arm-none-eabi/10.3.1/../../../../arm-none-eabi/lib/thumb/v7-m/nofp/libc.a(lib_a-strstr.o)
                              CMakeFiles/WoCaoLCD.elf.dir/Core/Src/main.c.obj (strstr)
/Applications/ARM/bin/../lib/gcc/arm-none-eabi/10.3.1/../../../../arm-none-eabi/lib/thumb/v7-m/nofp/libc.a(lib_a-__call_atexit.o)
                              /Applications/ARM/bin/../lib/gcc/arm-none-eabi/10.3.1/../../../../arm-none-eabi/lib/thumb/v7-m/nofp/libc.a(lib_a-exit.o) (__call_exitprocs)
/Applications/ARM/bin/../lib/gcc/arm-none-eabi/10.3.1/../../../../arm-none-eabi/lib/thumb/v7-m/nofp/libc.a(lib_a-atexit.o)
                              /Applications/ARM/bin/../lib/gcc/arm-none-eabi/10.3.1/../../../../arm-none-eabi/lib/thumb/v7-m/nofp/libc.a(lib_a-__call_atexit.o) (atexit)
/Applications/ARM/bin/../lib/gcc/arm-none-eabi/10.3.1/../../../../arm-none-eabi/lib/thumb/v7-m/nofp/libc.a(lib_a-fini.o)
                              /Applications/ARM/bin/../lib/gcc/arm-none-eabi/10.3.1/../../../../arm-none-eabi/lib/thumb/v7-m/nofp/libc.a(lib_a-__call_atexit.o) (__libc_fini_array)
/Applications/ARM/bin/../lib/gcc/arm-none-eabi/10.3.1/../../../../arm-none-eabi/lib/thumb/v7-m/nofp/libc.a(lib_a-lock.o)
                              /Applications/ARM/bin/../lib/gcc/arm-none-eabi/10.3.1/../../../../arm-none-eabi/lib/thumb/v7-m/nofp/libc.a(lib_a-__call_atexit.o) (__retarget_lock_acquire_recursive)
/Applications/ARM/bin/../lib/gcc/arm-none-eabi/10.3.1/../../../../arm-none-eabi/lib/thumb/v7-m/nofp/libc.a(lib_a-memcmp.o)
                              /Applications/ARM/bin/../lib/gcc/arm-none-eabi/10.3.1/../../../../arm-none-eabi/lib/thumb/v7-m/nofp/libc.a(lib_a-strstr.o) (memcmp)
/Applications/ARM/bin/../lib/gcc/arm-none-eabi/10.3.1/../../../../arm-none-eabi/lib/thumb/v7-m/nofp/libc.a(lib_a-strchr.o)
                              /Applications/ARM/bin/../lib/gcc/arm-none-eabi/10.3.1/../../../../arm-none-eabi/lib/thumb/v7-m/nofp/libc.a(lib_a-strstr.o) (strchr)
/Applications/ARM/bin/../lib/gcc/arm-none-eabi/10.3.1/../../../../arm-none-eabi/lib/thumb/v7-m/nofp/libc.a(lib_a-strlen-stub.o)
                              /Applications/ARM/bin/../lib/gcc/arm-none-eabi/10.3.1/../../../../arm-none-eabi/lib/thumb/v7-m/nofp/libc.a(lib_a-strstr.o) (strlen)
/Applications/ARM/bin/../lib/gcc/arm-none-eabi/10.3.1/../../../../arm-none-eabi/lib/thumb/v7-m/nofp/libc.a(lib_a-strnlen.o)
                              /Applications/ARM/bin/../lib/gcc/arm-none-eabi/10.3.1/../../../../arm-none-eabi/lib/thumb/v7-m/nofp/libc.a(lib_a-strstr.o) (strnlen)
/Applications/ARM/bin/../lib/gcc/arm-none-eabi/10.3.1/../../../../arm-none-eabi/lib/thumb/v7-m/nofp/libc.a(lib_a-__atexit.o)
                              /Applications/ARM/bin/../lib/gcc/arm-none-eabi/10.3.1/../../../../arm-none-eabi/lib/thumb/v7-m/nofp/libc.a(lib_a-atexit.o) (__register_exitproc)

Discarded input sections

 .text          0x0000000000000000        0x0 /Applications/ARM/bin/../lib/gcc/arm-none-eabi/10.3.1/thumb/v7-m/nofp/crti.o
 .data          0x0000000000000000        0x0 /Applications/ARM/bin/../lib/gcc/arm-none-eabi/10.3.1/thumb/v7-m/nofp/crti.o
 .bss           0x0000000000000000        0x0 /Applications/ARM/bin/../lib/gcc/arm-none-eabi/10.3.1/thumb/v7-m/nofp/crti.o
 .data          0x0000000000000000        0x4 /Applications/ARM/bin/../lib/gcc/arm-none-eabi/10.3.1/thumb/v7-m/nofp/crtbegin.o
 .rodata        0x0000000000000000       0x24 /Applications/ARM/bin/../lib/gcc/arm-none-eabi/10.3.1/thumb/v7-m/nofp/crtbegin.o
[...]
Memory Configuration

Name             Origin             Length             Attributes
RAM              0x0000000020000000 0x0000000000005000 xrw
FLASH            0x0000000008000000 0x0000000000010000 xr
*default*        0x0000000000000000 0xffffffffffffffff

Linker script and memory map

LOAD /Applications/ARM/bin/../lib/gcc/arm-none-eabi/10.3.1/thumb/v7-m/nofp/crti.o
LOAD /Applications/ARM/bin/../lib/gcc/arm-none-eabi/10.3.1/thumb/v7-m/nofp/crtbegin.o
LOAD /Applications/ARM/bin/../lib/gcc/arm-none-eabi/10.3.1/../../../../arm-none-eabi/lib/thumb/v7-m/nofp/crt0.o
LOAD CMakeFiles/WoCaoLCD.elf.dir/Core/Src/LCD_Driver.c.obj
LOAD CMakeFiles/WoCaoLCD.elf.dir/Core/Src/main.c.obj
LOAD CMakeFiles/WoCaoLCD.elf.dir/Core/Src/stm32f1xx_hal_msp.c.obj
LOAD CMakeFiles/WoCaoLCD.elf.dir/Core/Src/stm32f1xx_it.c.obj
LOAD CMakeFiles/WoCaoLCD.elf.dir/Core/Src/syscalls.c.obj
LOAD CMakeFiles/WoCaoLCD.elf.dir/Core/Src/sysmem.c.obj
LOAD CMakeFiles/WoCaoLCD.elf.dir/Core/Src/system_stm32f1xx.c.obj
LOAD CMakeFiles/WoCaoLCD.elf.dir/Core/Startup/startup_stm32f103c8tx.s.obj
LOAD CMakeFiles/WoCaoLCD.elf.dir/Drivers/STM32F1xx_HAL_Driver/Src/stm32f1xx_hal.c.obj
LOAD CMakeFiles/WoCaoLCD.elf.dir/Drivers/STM32F1xx_HAL_Driver/Src/stm32f1xx_hal_cortex.c.obj
LOAD CMakeFiles/WoCaoLCD.elf.dir/Drivers/STM32F1xx_HAL_Driver/Src/stm32f1xx_hal_dma.c.obj
LOAD CMakeFiles/WoCaoLCD.elf.dir/Drivers/STM32F1xx_HAL_Driver/Src/stm32f1xx_hal_exti.c.obj
LOAD CMakeFiles/WoCaoLCD.elf.dir/Drivers/STM32F1xx_HAL_Driver/Src/stm32f1xx_hal_flash.c.obj
LOAD CMakeFiles/WoCaoLCD.elf.dir/Drivers/STM32F1xx_HAL_Driver/Src/stm32f1xx_hal_flash_ex.c.obj
LOAD CMakeFiles/WoCaoLCD.elf.dir/Drivers/STM32F1xx_HAL_Driver/Src/stm32f1xx_hal_gpio.c.obj
LOAD CMakeFiles/WoCaoLCD.elf.dir/Drivers/STM32F1xx_HAL_Driver/Src/stm32f1xx_hal_gpio_ex.c.obj
LOAD CMakeFiles/WoCaoLCD.elf.dir/Drivers/STM32F1xx_HAL_Driver/Src/stm32f1xx_hal_pwr.c.obj
LOAD CMakeFiles/WoCaoLCD.elf.dir/Drivers/STM32F1xx_HAL_Driver/Src/stm32f1xx_hal_rcc.c.obj
LOAD CMakeFiles/WoCaoLCD.elf.dir/Drivers/STM32F1xx_HAL_Driver/Src/stm32f1xx_hal_rcc_ex.c.obj
LOAD CMakeFiles/WoCaoLCD.elf.dir/Drivers/STM32F1xx_HAL_Driver/Src/stm32f1xx_hal_spi.c.obj
LOAD CMakeFiles/WoCaoLCD.elf.dir/Drivers/STM32F1xx_HAL_Driver/Src/stm32f1xx_hal_tim.c.obj
LOAD CMakeFiles/WoCaoLCD.elf.dir/Drivers/STM32F1xx_HAL_Driver/Src/stm32f1xx_hal_tim_ex.c.obj
LOAD CMakeFiles/WoCaoLCD.elf.dir/Drivers/STM32F1xx_HAL_Driver/Src/stm32f1xx_hal_uart.c.obj
START GROUP
LOAD /Applications/ARM/bin/../lib/gcc/arm-none-eabi/10.3.1/thumb/v7-m/nofp/libgcc.a
LOAD /Applications/ARM/bin/../lib/gcc/arm-none-eabi/10.3.1/../../../../arm-none-eabi/lib/thumb/v7-m/nofp/libc.a
END GROUP
LOAD /Applications/ARM/bin/../lib/gcc/arm-none-eabi/10.3.1/thumb/v7-m/nofp/crtend.o
LOAD /Applications/ARM/bin/../lib/gcc/arm-none-eabi/10.3.1/thumb/v7-m/nofp/crtn.o
                0x0000000020005000                _estack = (ORIGIN (RAM) + LENGTH (RAM))
                0x0000000000000200                _Min_Heap_Size = 0x200
                0x0000000000000400                _Min_Stack_Size = 0x400

.isr_vector     0x0000000008000000      0x10c
                0x0000000008000000                . = ALIGN (0x4)
 *(.isr_vector)
 .isr_vector    0x0000000008000000      0x10c CMakeFiles/WoCaoLCD.elf.dir/Core/Startup/startup_stm32f103c8tx.s.obj
                0x0000000008000000                g_pfnVectors
                0x000000000800010c                . = ALIGN (0x4)

.text           0x000000000800010c     0x47a0
                0x000000000800010c                . = ALIGN (0x4)
 *(.text)
 .text          0x000000000800010c       0x40 /Applications/ARM/bin/../lib/gcc/arm-none-eabi/10.3.1/thumb/v7-m/nofp/crtbegin.o
 *(.text*)
 .text.LCD_Set_SPI_Handle
                0x000000000800014c        0xc CMakeFiles/WoCaoLCD.elf.dir/Core/Src/LCD_Driver.c.obj
                0x000000000800014c                LCD_Set_SPI_Handle
 .text.LCD_Init
                0x0000000008000158     0x131c CMakeFiles/WoCaoLCD.elf.dir/Core/Src/LCD_Driver.c.obj
                0x0000000008000158                LCD_Init
 .text.LCD_Clear
                0x0000000008001474      0x30c CMakeFiles/WoCaoLCD.elf.dir/Core/Src/LCD_Driver.c.obj
                0x0000000008001474                LCD_Clear
 .text.LCD_Draw_Point
                0x0000000008001780      0x1e8 CMakeFiles/WoCaoLCD.elf.dir/Core/Src/LCD_Driver.c.obj
                0x0000000008001780                LCD_Draw_Point
 .text.LCD_Draw_Number_0
                0x0000000008001968      0x170 CMakeFiles/WoCaoLCD.elf.dir/Core/Src/LCD_Driver.c.obj
                0x0000000008001968                LCD_Draw_Number_0
 .text.LCD_Draw_Number_2
                0x0000000008001ad8      0x168 CMakeFiles/WoCaoLCD.elf.dir/Core/Src/LCD_Driver.c.obj
                0x0000000008001ad8                LCD_Draw_Number_2
 .text.LCD_Draw_Number_3
                0x0000000008001c40      0x158 CMakeFiles/WoCaoLCD.elf.dir/Core/Src/LCD_Driver.c.obj
                0x0000000008001c40                LCD_Draw_Number_3
 .text.LCD_Draw_Number_4
                0x0000000008001d98      0x10c CMakeFiles/WoCaoLCD.elf.dir/Core/Src/LCD_Driver.c.obj
                0x0000000008001d98                LCD_Draw_Number_4
 .text.LCD_Draw_Number_5
                0x0000000008001ea4      0x164 CMakeFiles/WoCaoLCD.elf.dir/Core/Src/LCD_Driver.c.obj
                0x0000000008001ea4                LCD_Draw_Number_5
 .text.LCD_Draw_Number_6
                0x0000000008002008      0x1b0 CMakeFiles/WoCaoLCD.elf.dir/Core/Src/LCD_Driver.c.obj
                0x0000000008002008                LCD_Draw_Number_6
 .text.LCD_Draw_Number_8
                0x00000000080021b8      0x1ac CMakeFiles/WoCaoLCD.elf.dir/Core/Src/LCD_Driver.c.obj
                0x00000000080021b8                LCD_Draw_Number_8
 .text.LCD_Draw_Number_9
                0x0000000008002364      0x190 CMakeFiles/WoCaoLCD.elf.dir/Core/Src/LCD_Driver.c.obj
                0x0000000008002364                LCD_Draw_Number_9
 .text.LCD_Draw_Number
                0x00000000080024f4      0x16c CMakeFiles/WoCaoLCD.elf.dir/Core/Src/LCD_Driver.c.obj
                0x00000000080024f4                LCD_Draw_Number
 .text.LCD_Draw_Add_Char
                0x0000000008002660       0x8c CMakeFiles/WoCaoLCD.elf.dir/Core/Src/LCD_Driver.c.obj
                0x0000000008002660                LCD_Draw_Add_Char
 .text.LCDShowQrcode
                0x00000000080026ec       0x74 CMakeFiles/WoCaoLCD.elf.dir/Core/Src/main.c.obj
                0x00000000080026ec                LCDShowQrcode
 .text.HAL_UART_RxCpltCallback
                0x0000000008002760       0xa4 CMakeFiles/WoCaoLCD.elf.dir/Core/Src/main.c.obj
                0x0000000008002760                HAL_UART_RxCpltCallback
 .text.SystemClock_Config
                0x0000000008002804       0x6c CMakeFiles/WoCaoLCD.elf.dir/Core/Src/main.c.obj
                0x0000000008002804                SystemClock_Config
 .text.startup.main
                0x0000000008002870      0x218 CMakeFiles/WoCaoLCD.elf.dir/Core/Src/main.c.obj
                0x0000000008002870                main
 .text.HAL_MspInit
                0x0000000008002a88       0x44 CMakeFiles/WoCaoLCD.elf.dir/Core/Src/stm32f1xx_hal_msp.c.obj
                0x0000000008002a88                HAL_MspInit
 .text.HAL_SPI_MspInit
                0x0000000008002acc       0x74 CMakeFiles/WoCaoLCD.elf.dir/Core/Src/stm32f1xx_hal_msp.c.obj
                0x0000000008002acc                HAL_SPI_MspInit
 .text.HAL_UART_MspInit
                0x0000000008002b40      0x168 CMakeFiles/WoCaoLCD.elf.dir/Core/Src/stm32f1xx_hal_msp.c.obj
                0x0000000008002b40                HAL_UART_MspInit
 .text.NMI_Handler
                0x0000000008002ca8        0x4 CMakeFiles/WoCaoLCD.elf.dir/Core/Src/stm32f1xx_it.c.obj
                0x0000000008002ca8                NMI_Handler
 .text.HardFault_Handler
                0x0000000008002cac        0x4 CMakeFiles/WoCaoLCD.elf.dir/Core/Src/stm32f1xx_it.c.obj
                0x0000000008002cac                HardFault_Handler
 .text.MemManage_Handler
                0x0000000008002cb0        0x4 CMakeFiles/WoCaoLCD.elf.dir/Core/Src/stm32f1xx_it.c.obj
                0x0000000008002cb0                MemManage_Handler
 .text.BusFault_Handler
                0x0000000008002cb4        0x4 CMakeFiles/WoCaoLCD.elf.dir/Core/Src/stm32f1xx_it.c.obj
                0x0000000008002cb4                BusFault_Handler
 .text.UsageFault_Handler
                0x0000000008002cb8        0x4 CMakeFiles/WoCaoLCD.elf.dir/Core/Src/stm32f1xx_it.c.obj
                0x0000000008002cb8                UsageFault_Handler
 .text.SVC_Handler
                0x0000000008002cbc        0x4 CMakeFiles/WoCaoLCD.elf.dir/Core/Src/stm32f1xx_it.c.obj
                0x0000000008002cbc                SVC_Handler
 .text.DebugMon_Handler
                0x0000000008002cc0        0x4 CMakeFiles/WoCaoLCD.elf.dir/Core/Src/stm32f1xx_it.c.obj
                0x0000000008002cc0                DebugMon_Handler
 .text.PendSV_Handler
                0x0000000008002cc4        0x4 CMakeFiles/WoCaoLCD.elf.dir/Core/Src/stm32f1xx_it.c.obj
                0x0000000008002cc4                PendSV_Handler
 .text.SysTick_Handler
                0x0000000008002cc8        0x4 CMakeFiles/WoCaoLCD.elf.dir/Core/Src/stm32f1xx_it.c.obj
                0x0000000008002cc8                SysTick_Handler
 .text.USART1_IRQHandler
                0x0000000008002ccc        0xc CMakeFiles/WoCaoLCD.elf.dir/Core/Src/stm32f1xx_it.c.obj
                0x0000000008002ccc                USART1_IRQHandler
 .text.USART2_IRQHandler
                0x0000000008002cd8        0xc CMakeFiles/WoCaoLCD.elf.dir/Core/Src/stm32f1xx_it.c.obj
                0x0000000008002cd8                USART2_IRQHandler
 .text.USART3_IRQHandler
                0x0000000008002ce4        0xc CMakeFiles/WoCaoLCD.elf.dir/Core/Src/stm32f1xx_it.c.obj
                0x0000000008002ce4                USART3_IRQHandler
 .text.SystemInit
                0x0000000008002cf0        0x4 CMakeFiles/WoCaoLCD.elf.dir/Core/Src/system_stm32f1xx.c.obj
                0x0000000008002cf0                SystemInit
 .text.Reset_Handler
                0x0000000008002cf4       0x48 CMakeFiles/WoCaoLCD.elf.dir/Core/Startup/startup_stm32f103c8tx.s.obj
                0x0000000008002cf4                Reset_Handler
 .text.Default_Handler
                0x0000000008002d3c        0x2 CMakeFiles/WoCaoLCD.elf.dir/Core/Startup/startup_stm32f103c8tx.s.obj
                0x0000000008002d3c                USBWakeUp_IRQHandler
                0x0000000008002d3c                EXTI2_IRQHandler
                0x0000000008002d3c                TIM1_CC_IRQHandler
                0x0000000008002d3c                PVD_IRQHandler
                0x0000000008002d3c                EXTI3_IRQHandler
                0x0000000008002d3c                EXTI0_IRQHandler
                0x0000000008002d3c                I2C2_EV_IRQHandler
                0x0000000008002d3c                ADC1_2_IRQHandler
                0x0000000008002d3c                SPI1_IRQHandler
                0x0000000008002d3c                TAMPER_IRQHandler
                0x0000000008002d3c                DMA1_Channel4_IRQHandler
                0x0000000008002d3c                RTC_IRQHandler
                0x0000000008002d3c                DMA1_Channel7_IRQHandler
                0x0000000008002d3c                CAN1_RX1_IRQHandler
                0x0000000008002d3c                TIM4_IRQHandler
                0x0000000008002d3c                I2C1_EV_IRQHandler
                0x0000000008002d3c                DMA1_Channel6_IRQHandler
                0x0000000008002d3c                TIM3_IRQHandler
                0x0000000008002d3c                RCC_IRQHandler
                0x0000000008002d3c                TIM1_TRG_COM_IRQHandler
                0x0000000008002d3c                DMA1_Channel1_IRQHandler
                0x0000000008002d3c                Default_Handler
                0x0000000008002d3c                EXTI15_10_IRQHandler
                0x0000000008002d3c                EXTI9_5_IRQHandler
                0x0000000008002d3c                SPI2_IRQHandler
                0x0000000008002d3c                DMA1_Channel5_IRQHandler
                0x0000000008002d3c                EXTI4_IRQHandler
                0x0000000008002d3c                USB_LP_CAN1_RX0_IRQHandler
                0x0000000008002d3c                USB_HP_CAN1_TX_IRQHandler
                0x0000000008002d3c                DMA1_Channel3_IRQHandler
                0x0000000008002d3c                TIM1_UP_IRQHandler
                0x0000000008002d3c                WWDG_IRQHandler
                0x0000000008002d3c                TIM2_IRQHandler
                0x0000000008002d3c                TIM1_BRK_IRQHandler
                0x0000000008002d3c                EXTI1_IRQHandler
                0x0000000008002d3c                I2C2_ER_IRQHandler
                0x0000000008002d3c                DMA1_Channel2_IRQHandler
                0x0000000008002d3c                CAN1_SCE_IRQHandler
                0x0000000008002d3c                FLASH_IRQHandler
                0x0000000008002d3c                I2C1_ER_IRQHandler
                0x0000000008002d3c                RTC_Alarm_IRQHandler
 *fill*         0x0000000008002d3e        0x2 
 .text.HAL_InitTick
                0x0000000008002d40       0x48 CMakeFiles/WoCaoLCD.elf.dir/Drivers/STM32F1xx_HAL_Driver/Src/stm32f1xx_hal.c.obj
                0x0000000008002d40                HAL_InitTick
 .text.HAL_Init
                0x0000000008002d88       0x24 CMakeFiles/WoCaoLCD.elf.dir/Drivers/STM32F1xx_HAL_Driver/Src/stm32f1xx_hal.c.obj
                0x0000000008002d88                HAL_Init
 .text.HAL_IncTick
                0x0000000008002dac       0x18 CMakeFiles/WoCaoLCD.elf.dir/Drivers/STM32F1xx_HAL_Driver/Src/stm32f1xx_hal.c.obj
                0x0000000008002dac                HAL_IncTick
 .text.HAL_GetTick
                0x0000000008002dc4        0xc CMakeFiles/WoCaoLCD.elf.dir/Drivers/STM32F1xx_HAL_Driver/Src/stm32f1xx_hal.c.obj
                0x0000000008002dc4                HAL_GetTick
 .text.HAL_Delay
                0x0000000008002dd0       0x24 CMakeFiles/WoCaoLCD.elf.dir/Drivers/STM32F1xx_HAL_Driver/Src/stm32f1xx_hal.c.obj
                0x0000000008002dd0                HAL_Delay
 .text.HAL_NVIC_SetPriorityGrouping
                0x0000000008002df4       0x24 CMakeFiles/WoCaoLCD.elf.dir/Drivers/STM32F1xx_HAL_Driver/Src/stm32f1xx_hal_cortex.c.obj
                0x0000000008002df4                HAL_NVIC_SetPriorityGrouping
 .text.HAL_NVIC_SetPriority
                0x0000000008002e18       0x7c CMakeFiles/WoCaoLCD.elf.dir/Drivers/STM32F1xx_HAL_Driver/Src/stm32f1xx_hal_cortex.c.obj
                0x0000000008002e18                HAL_NVIC_SetPriority
 .text.HAL_NVIC_EnableIRQ
                0x0000000008002e94       0x1c CMakeFiles/WoCaoLCD.elf.dir/Drivers/STM32F1xx_HAL_Driver/Src/stm32f1xx_hal_cortex.c.obj
                0x0000000008002e94                HAL_NVIC_EnableIRQ
 .text.HAL_SYSTICK_Config
                0x0000000008002eb0       0x30 CMakeFiles/WoCaoLCD.elf.dir/Drivers/STM32F1xx_HAL_Driver/Src/stm32f1xx_hal_cortex.c.obj
                0x0000000008002eb0                HAL_SYSTICK_Config
 .text.HAL_DMA_Abort
                0x0000000008002ee0       0x44 CMakeFiles/WoCaoLCD.elf.dir/Drivers/STM32F1xx_HAL_Driver/Src/stm32f1xx_hal_dma.c.obj
                0x0000000008002ee0                HAL_DMA_Abort
 .text.HAL_DMA_Abort_IT
                0x0000000008002f24       0x94 CMakeFiles/WoCaoLCD.elf.dir/Drivers/STM32F1xx_HAL_Driver/Src/stm32f1xx_hal_dma.c.obj
                0x0000000008002f24                HAL_DMA_Abort_IT
 .text.HAL_GPIO_Init
                0x0000000008002fb8      0x21c CMakeFiles/WoCaoLCD.elf.dir/Drivers/STM32F1xx_HAL_Driver/Src/stm32f1xx_hal_gpio.c.obj
                0x0000000008002fb8                HAL_GPIO_Init
 .text.HAL_GPIO_WritePin
                0x00000000080031d4        0x8 CMakeFiles/WoCaoLCD.elf.dir/Drivers/STM32F1xx_HAL_Driver/Src/stm32f1xx_hal_gpio.c.obj
                0x00000000080031d4                HAL_GPIO_WritePin
 .text.HAL_GPIO_TogglePin
                0x00000000080031dc       0x14 CMakeFiles/WoCaoLCD.elf.dir/Drivers/STM32F1xx_HAL_Driver/Src/stm32f1xx_hal_gpio.c.obj
                0x00000000080031dc                HAL_GPIO_TogglePin
 .text.HAL_RCC_OscConfig
                0x00000000080031f0      0x3e0 CMakeFiles/WoCaoLCD.elf.dir/Drivers/STM32F1xx_HAL_Driver/Src/stm32f1xx_hal_rcc.c.obj
                0x00000000080031f0                HAL_RCC_OscConfig
 .text.HAL_RCC_ClockConfig
                0x00000000080035d0      0x1a0 CMakeFiles/WoCaoLCD.elf.dir/Drivers/STM32F1xx_HAL_Driver/Src/stm32f1xx_hal_rcc.c.obj
                0x00000000080035d0                HAL_RCC_ClockConfig
 .text.HAL_RCC_GetPCLK1Freq
                0x0000000008003770       0x20 CMakeFiles/WoCaoLCD.elf.dir/Drivers/STM32F1xx_HAL_Driver/Src/stm32f1xx_hal_rcc.c.obj
                0x0000000008003770                HAL_RCC_GetPCLK1Freq
 .text.HAL_RCC_GetPCLK2Freq
                0x0000000008003790       0x20 CMakeFiles/WoCaoLCD.elf.dir/Drivers/STM32F1xx_HAL_Driver/Src/stm32f1xx_hal_rcc.c.obj
                0x0000000008003790                HAL_RCC_GetPCLK2Freq
 .text.SPI_WaitFlagStateUntilTimeout.constprop.1
                0x00000000080037b0       0xbc CMakeFiles/WoCaoLCD.elf.dir/Drivers/STM32F1xx_HAL_Driver/Src/stm32f1xx_hal_spi.c.obj
 .text.HAL_SPI_Init
                0x000000000800386c       0xbc CMakeFiles/WoCaoLCD.elf.dir/Drivers/STM32F1xx_HAL_Driver/Src/stm32f1xx_hal_spi.c.obj
                0x000000000800386c                HAL_SPI_Init
 .text.HAL_SPI_Transmit
                0x0000000008003928      0x25c CMakeFiles/WoCaoLCD.elf.dir/Drivers/STM32F1xx_HAL_Driver/Src/stm32f1xx_hal_spi.c.obj
                0x0000000008003928                HAL_SPI_Transmit
 .text.HAL_UART_Init
                0x0000000008003b84       0xdc CMakeFiles/WoCaoLCD.elf.dir/Drivers/STM32F1xx_HAL_Driver/Src/stm32f1xx_hal_uart.c.obj
                0x0000000008003b84                HAL_UART_Init
 .text.HAL_UART_Transmit
                0x0000000008003c60      0x110 CMakeFiles/WoCaoLCD.elf.dir/Drivers/STM32F1xx_HAL_Driver/Src/stm32f1xx_hal_uart.c.obj
                0x0000000008003c60                HAL_UART_Transmit
 .text.HAL_UART_Receive_IT
                0x0000000008003d70       0x54 CMakeFiles/WoCaoLCD.elf.dir/Drivers/STM32F1xx_HAL_Driver/Src/stm32f1xx_hal_uart.c.obj
                0x0000000008003d70                HAL_UART_Receive_IT
 .text.HAL_UART_TxCpltCallback
                0x0000000008003dc4        0x4 CMakeFiles/WoCaoLCD.elf.dir/Drivers/STM32F1xx_HAL_Driver/Src/stm32f1xx_hal_uart.c.obj
                0x0000000008003dc4                HAL_UART_TxCpltCallback
 .text.HAL_UART_ErrorCallback
                0x0000000008003dc8        0x4 CMakeFiles/WoCaoLCD.elf.dir/Drivers/STM32F1xx_HAL_Driver/Src/stm32f1xx_hal_uart.c.obj
                0x0000000008003dc8                HAL_UART_ErrorCallback
 .text.UART_DMAAbortOnError
                0x0000000008003dcc       0x10 CMakeFiles/WoCaoLCD.elf.dir/Drivers/STM32F1xx_HAL_Driver/Src/stm32f1xx_hal_uart.c.obj
 .text.HAL_UARTEx_RxEventCallback
                0x0000000008003ddc        0x4 CMakeFiles/WoCaoLCD.elf.dir/Drivers/STM32F1xx_HAL_Driver/Src/stm32f1xx_hal_uart.c.obj
                0x0000000008003ddc                HAL_UARTEx_RxEventCallback
 .text.UART_Receive_IT.part.0.isra.0
                0x0000000008003de0       0xb8 CMakeFiles/WoCaoLCD.elf.dir/Drivers/STM32F1xx_HAL_Driver/Src/stm32f1xx_hal_uart.c.obj
 .text.HAL_UART_IRQHandler
                0x0000000008003e98      0x25c CMakeFiles/WoCaoLCD.elf.dir/Drivers/STM32F1xx_HAL_Driver/Src/stm32f1xx_hal_uart.c.obj
                0x0000000008003e98                HAL_UART_IRQHandler
 .text.__libc_init_array
                0x00000000080040f4       0x48 /Applications/ARM/bin/../lib/gcc/arm-none-eabi/10.3.1/../../../../arm-none-eabi/lib/thumb/v7-m/nofp/libc.a(lib_a-init.o)
                0x00000000080040f4                __libc_init_array
 .text.memset   0x000000000800413c       0xa4 /Applications/ARM/bin/../lib/gcc/arm-none-eabi/10.3.1/../../../../arm-none-eabi/lib/thumb/v7-m/nofp/libc.a(lib_a-memset.o)
                0x000000000800413c                memset
 .text.two_way_long_needle
                0x00000000080041e0      0x2b8 /Applications/ARM/bin/../lib/gcc/arm-none-eabi/10.3.1/../../../../arm-none-eabi/lib/thumb/v7-m/nofp/libc.a(lib_a-strstr.o)
 .text.strstr   0x0000000008004498      0x168 /Applications/ARM/bin/../lib/gcc/arm-none-eabi/10.3.1/../../../../arm-none-eabi/lib/thumb/v7-m/nofp/libc.a(lib_a-strstr.o)
                0x0000000008004498                strstr
 .text.startup.register_fini
                0x0000000008004600       0x14 /Applications/ARM/bin/../lib/gcc/arm-none-eabi/10.3.1/../../../../arm-none-eabi/lib/thumb/v7-m/nofp/libc.a(lib_a-__call_atexit.o)
 .text.atexit   0x0000000008004614        0xc /Applications/ARM/bin/../lib/gcc/arm-none-eabi/10.3.1/../../../../arm-none-eabi/lib/thumb/v7-m/nofp/libc.a(lib_a-atexit.o)
                0x0000000008004614                atexit
 .text.__libc_fini_array
                0x0000000008004620       0x2c /Applications/ARM/bin/../lib/gcc/arm-none-eabi/10.3.1/../../../../arm-none-eabi/lib/thumb/v7-m/nofp/libc.a(lib_a-fini.o)
                0x0000000008004620                __libc_fini_array
 .text.__retarget_lock_acquire_recursive
                0x000000000800464c        0x4 /Applications/ARM/bin/../lib/gcc/arm-none-eabi/10.3.1/../../../../arm-none-eabi/lib/thumb/v7-m/nofp/libc.a(lib_a-lock.o)
                0x000000000800464c                __retarget_lock_acquire_recursive
 .text.__retarget_lock_release_recursive
                0x0000000008004650        0x4 /Applications/ARM/bin/../lib/gcc/arm-none-eabi/10.3.1/../../../../arm-none-eabi/lib/thumb/v7-m/nofp/libc.a(lib_a-lock.o)
                0x0000000008004650                __retarget_lock_release_recursive
 .text.memcmp   0x0000000008004654       0x68 /Applications/ARM/bin/../lib/gcc/arm-none-eabi/10.3.1/../../../../arm-none-eabi/lib/thumb/v7-m/nofp/libc.a(lib_a-memcmp.o)
                0x0000000008004654                memcmp
 .text.strchr   0x00000000080046bc       0xcc /Applications/ARM/bin/../lib/gcc/arm-none-eabi/10.3.1/../../../../arm-none-eabi/lib/thumb/v7-m/nofp/libc.a(lib_a-strchr.o)
                0x00000000080046bc                strchr
 .text.strlen   0x0000000008004788       0x5c /Applications/ARM/bin/../lib/gcc/arm-none-eabi/10.3.1/../../../../arm-none-eabi/lib/thumb/v7-m/nofp/libc.a(lib_a-strlen-stub.o)
                0x0000000008004788                strlen
 .text.strnlen  0x00000000080047e4       0x24 /Applications/ARM/bin/../lib/gcc/arm-none-eabi/10.3.1/../../../../arm-none-eabi/lib/thumb/v7-m/nofp/libc.a(lib_a-strnlen.o)
                0x00000000080047e4                strnlen
 .text.__register_exitproc
                0x0000000008004808       0x8c /Applications/ARM/bin/../lib/gcc/arm-none-eabi/10.3.1/../../../../arm-none-eabi/lib/thumb/v7-m/nofp/libc.a(lib_a-__atexit.o)
                0x0000000008004808                __register_exitproc
 *(.glue_7)
 .glue_7        0x0000000008004894        0x0 linker stubs
 *(.glue_7t)
 .glue_7t       0x0000000008004894        0x0 linker stubs
 *(.eh_frame)
 .eh_frame      0x0000000008004894        0x0 /Applications/ARM/bin/../lib/gcc/arm-none-eabi/10.3.1/thumb/v7-m/nofp/crtbegin.o
 *(.init)
 .init          0x0000000008004894        0x4 /Applications/ARM/bin/../lib/gcc/arm-none-eabi/10.3.1/thumb/v7-m/nofp/crti.o
                0x0000000008004894                _init
 .init          0x0000000008004898        0x8 /Applications/ARM/bin/../lib/gcc/arm-none-eabi/10.3.1/thumb/v7-m/nofp/crtn.o
 *(.fini)
 .fini          0x00000000080048a0        0x4 /Applications/ARM/bin/../lib/gcc/arm-none-eabi/10.3.1/thumb/v7-m/nofp/crti.o
                0x00000000080048a0                _fini
 .fini          0x00000000080048a4        0x8 /Applications/ARM/bin/../lib/gcc/arm-none-eabi/10.3.1/thumb/v7-m/nofp/crtn.o
                0x00000000080048ac                . = ALIGN (0x4)
                0x00000000080048ac                _etext = .

.vfp11_veneer   0x00000000080048ac        0x0
 .vfp11_veneer  0x00000000080048ac        0x0 linker stubs

.v4_bx          0x00000000080048ac        0x0
 .v4_bx         0x00000000080048ac        0x0 linker stubs

.iplt           0x00000000080048ac        0x0
 .iplt          0x00000000080048ac        0x0 /Applications/ARM/bin/../lib/gcc/arm-none-eabi/10.3.1/thumb/v7-m/nofp/crtbegin.o

.rodata         0x00000000080048ac       0x70
                0x00000000080048ac                . = ALIGN (0x4)
 *(.rodata)
 *(.rodata*)
 .rodata.HAL_UART_RxCpltCallback.str1.4
                0x00000000080048ac        0x6 CMakeFiles/WoCaoLCD.elf.dir/Core/Src/main.c.obj
 *fill*         0x00000000080048b2        0x2 
 .rodata.main.str1.4
                0x00000000080048b4       0x36 CMakeFiles/WoCaoLCD.elf.dir/Core/Src/main.c.obj
 *fill*         0x00000000080048ea        0x2 
 .rodata.AHBPrescTable
                0x00000000080048ec       0x10 CMakeFiles/WoCaoLCD.elf.dir/Core/Src/system_stm32f1xx.c.obj
                0x00000000080048ec                AHBPrescTable
 .rodata.APBPrescTable
                0x00000000080048fc        0x8 CMakeFiles/WoCaoLCD.elf.dir/Core/Src/system_stm32f1xx.c.obj
                0x00000000080048fc                APBPrescTable
 .rodata.HAL_RCC_ClockConfig.str1.4
                0x0000000008004904       0x11 CMakeFiles/WoCaoLCD.elf.dir/Drivers/STM32F1xx_HAL_Driver/Src/stm32f1xx_hal_rcc.c.obj
 *fill*         0x0000000008004915        0x3 
 .rodata._global_impure_ptr
                0x0000000008004918        0x4 /Applications/ARM/bin/../lib/gcc/arm-none-eabi/10.3.1/../../../../arm-none-eabi/lib/thumb/v7-m/nofp/libc.a(lib_a-impure.o)
                0x0000000008004918                _global_impure_ptr
                0x000000000800491c                . = ALIGN (0x4)

.rel.dyn        0x000000000800491c        0x0
 .rel.iplt      0x000000000800491c        0x0 /Applications/ARM/bin/../lib/gcc/arm-none-eabi/10.3.1/thumb/v7-m/nofp/crtbegin.o

.ARM.extab      0x000000000800491c        0x0
                0x000000000800491c                . = ALIGN (0x4)
 *(.ARM.extab* .gnu.linkonce.armextab.*)
                0x000000000800491c                . = ALIGN (0x4)

.ARM            0x000000000800491c        0x0
                0x000000000800491c                . = ALIGN (0x4)
                0x000000000800491c                __exidx_start = .
 *(.ARM.exidx*)
                0x000000000800491c                __exidx_end = .
                0x000000000800491c                . = ALIGN (0x4)

.preinit_array  0x000000000800491c        0x0
                0x000000000800491c                . = ALIGN (0x4)
                0x000000000800491c                PROVIDE (__preinit_array_start = .)
 *(.preinit_array*)
                0x000000000800491c                PROVIDE (__preinit_array_end = .)
                0x000000000800491c                . = ALIGN (0x4)

.init_array     0x000000000800491c        0x8
                0x000000000800491c                . = ALIGN (0x4)
                0x000000000800491c                PROVIDE (__init_array_start = .)
 *(SORT_BY_NAME(.init_array.*))
 .init_array.00000
                0x000000000800491c        0x4 /Applications/ARM/bin/../lib/gcc/arm-none-eabi/10.3.1/../../../../arm-none-eabi/lib/thumb/v7-m/nofp/libc.a(lib_a-__call_atexit.o)
 *(.init_array*)
 .init_array    0x0000000008004920        0x4 /Applications/ARM/bin/../lib/gcc/arm-none-eabi/10.3.1/thumb/v7-m/nofp/crtbegin.o
                0x0000000008004924                PROVIDE (__init_array_end = .)
                0x0000000008004924                . = ALIGN (0x4)

.fini_array     0x0000000008004924        0x4
                0x0000000008004924                . = ALIGN (0x4)
                0x0000000008004924                PROVIDE (__fini_array_start = .)
 *(SORT_BY_NAME(.fini_array.*))
 *(.fini_array*)
 .fini_array    0x0000000008004924        0x4 /Applications/ARM/bin/../lib/gcc/arm-none-eabi/10.3.1/thumb/v7-m/nofp/crtbegin.o
                0x0000000008004928                PROVIDE (__fini_array_end = .)
                0x0000000008004928                . = ALIGN (0x4)
                0x0000000008004928                _sidata = LOADADDR (.data)

.data           0x0000000020000000      0x43c load address 0x0000000008004928
                0x0000000020000000                . = ALIGN (0x4)
                0x0000000020000000                _sdata = .
 *(.data)
 *(.data*)
 .data.SystemCoreClock
                0x0000000020000000        0x4 CMakeFiles/WoCaoLCD.elf.dir/Core/Src/system_stm32f1xx.c.obj
                0x0000000020000000                SystemCoreClock
 .data.uwTickFreq
                0x0000000020000004        0x1 CMakeFiles/WoCaoLCD.elf.dir/Drivers/STM32F1xx_HAL_Driver/Src/stm32f1xx_hal.c.obj
                0x0000000020000004                uwTickFreq
 *fill*         0x0000000020000005        0x3 
 .data.uwTickPrio
                0x0000000020000008        0x4 CMakeFiles/WoCaoLCD.elf.dir/Drivers/STM32F1xx_HAL_Driver/Src/stm32f1xx_hal.c.obj
                0x0000000020000008                uwTickPrio
 *fill*         0x000000002000000c        0x4 
 .data.impure_data
                0x0000000020000010      0x428 /Applications/ARM/bin/../lib/gcc/arm-none-eabi/10.3.1/../../../../arm-none-eabi/lib/thumb/v7-m/nofp/libc.a(lib_a-impure.o)
 .data.__atexit_recursive_mutex
                0x0000000020000438        0x4 /Applications/ARM/bin/../lib/gcc/arm-none-eabi/10.3.1/../../../../arm-none-eabi/lib/thumb/v7-m/nofp/libc.a(lib_a-__call_atexit.o)
                0x0000000020000438                __atexit_recursive_mutex
 *(.RamFunc)
 *(.RamFunc*)
                0x000000002000043c                . = ALIGN (0x4)
                0x000000002000043c                _edata = .

.igot.plt       0x000000002000043c        0x0 load address 0x0000000008004d64
 .igot.plt      0x000000002000043c        0x0 /Applications/ARM/bin/../lib/gcc/arm-none-eabi/10.3.1/thumb/v7-m/nofp/crtbegin.o
                0x000000002000043c                . = ALIGN (0x4)

.bss            0x000000002000043c      0x5e8 load address 0x0000000008004d64
                0x000000002000043c                _sbss = .
                0x000000002000043c                __bss_start__ = _sbss
 *(.bss)
 .bss           0x000000002000043c       0x1c /Applications/ARM/bin/../lib/gcc/arm-none-eabi/10.3.1/thumb/v7-m/nofp/crtbegin.o
 *(.bss*)
 .bss.POINT_COLOR
                0x0000000020000458        0x2 CMakeFiles/WoCaoLCD.elf.dir/Core/Src/LCD_Driver.c.obj
                0x0000000020000458                POINT_COLOR
 *fill*         0x000000002000045a        0x2 
 .bss.hspi      0x000000002000045c        0x4 CMakeFiles/WoCaoLCD.elf.dir/Core/Src/LCD_Driver.c.obj
                0x000000002000045c                hspi
 .bss.lcddev    0x0000000020000460        0xe CMakeFiles/WoCaoLCD.elf.dir/Core/Src/LCD_Driver.c.obj
                0x0000000020000460                lcddev
 *fill*         0x000000002000046e        0x2 
 .bss.debugBuff
                0x0000000020000470       0x80 CMakeFiles/WoCaoLCD.elf.dir/Core/Src/main.c.obj
                0x0000000020000470                debugBuff
 .bss.hspi1     0x00000000200004f0       0x58 CMakeFiles/WoCaoLCD.elf.dir/Core/Src/main.c.obj
                0x00000000200004f0                hspi1
 .bss.huart1    0x0000000020000548       0x44 CMakeFiles/WoCaoLCD.elf.dir/Core/Src/main.c.obj
                0x0000000020000548                huart1
 .bss.huart2    0x000000002000058c       0x44 CMakeFiles/WoCaoLCD.elf.dir/Core/Src/main.c.obj
                0x000000002000058c                huart2
 .bss.huart3    0x00000000200005d0       0x44 CMakeFiles/WoCaoLCD.elf.dir/Core/Src/main.c.obj
                0x00000000200005d0                huart3
 .bss.wifiBuff  0x0000000020000614      0x400 CMakeFiles/WoCaoLCD.elf.dir/Core/Src/main.c.obj
                0x0000000020000614                wifiBuff
 .bss.wifiOffset
                0x0000000020000a14        0x4 CMakeFiles/WoCaoLCD.elf.dir/Core/Src/main.c.obj
                0x0000000020000a14                wifiOffset
 .bss.wifiRecvBuff
                0x0000000020000a18        0x1 CMakeFiles/WoCaoLCD.elf.dir/Core/Src/main.c.obj
                0x0000000020000a18                wifiRecvBuff
 *fill*         0x0000000020000a19        0x3 
 .bss.uwTick    0x0000000020000a1c        0x4 CMakeFiles/WoCaoLCD.elf.dir/Drivers/STM32F1xx_HAL_Driver/Src/stm32f1xx_hal.c.obj
                0x0000000020000a1c                uwTick
 .bss.__lock___atexit_recursive_mutex
                0x0000000020000a20        0x1 /Applications/ARM/bin/../lib/gcc/arm-none-eabi/10.3.1/../../../../arm-none-eabi/lib/thumb/v7-m/nofp/libc.a(lib_a-lock.o)
                0x0000000020000a20                __lock___atexit_recursive_mutex
 *(COMMON)
                0x0000000020000a24                . = ALIGN (0x4)
 *fill*         0x0000000020000a21        0x3 
                0x0000000020000a24                _ebss = .
                0x0000000020000a24                __bss_end__ = _ebss

._user_heap_stack
                0x0000000020000a24      0x604 load address 0x0000000008004d64
                0x0000000020000a28                . = ALIGN (0x8)
 *fill*         0x0000000020000a24        0x4 
                [!provide]                        PROVIDE (end = .)
                0x0000000020000a28                PROVIDE (_end = .)
                0x0000000020000c28                . = (. + _Min_Heap_Size)
 *fill*         0x0000000020000a28      0x200 
                0x0000000020001028                . = (. + _Min_Stack_Size)
 *fill*         0x0000000020000c28      0x400 
                0x0000000020001028                . = ALIGN (0x8)

/DISCARD/
 libc.a(*)
 libm.a(*)
 libgcc.a(*)

.ARM.attributes
                0x0000000000000000       0x29
 *(.ARM.attributes)
 .ARM.attributes
                0x0000000000000000       0x1d /Applications/ARM/bin/../lib/gcc/arm-none-eabi/10.3.1/thumb/v7-m/nofp/crti.o
 .ARM.attributes
                0x000000000000001d       0x2d /Applications/ARM/bin/../lib/gcc/arm-none-eabi/10.3.1/thumb/v7-m/nofp/crtbegin.o
 .ARM.attributes
                0x000000000000004a       0x29 CMakeFiles/WoCaoLCD.elf.dir/Core/Src/LCD_Driver.c.obj
 .ARM.attributes
                0x0000000000000073       0x29 CMakeFiles/WoCaoLCD.elf.dir/Core/Src/main.c.obj
 .ARM.attributes
                0x000000000000009c       0x29 CMakeFiles/WoCaoLCD.elf.dir/Core/Src/stm32f1xx_hal_msp.c.obj
 .ARM.attributes
                0x00000000000000c5       0x29 CMakeFiles/WoCaoLCD.elf.dir/Core/Src/stm32f1xx_it.c.obj
 .ARM.attributes
                0x00000000000000ee       0x29 CMakeFiles/WoCaoLCD.elf.dir/Core/Src/system_stm32f1xx.c.obj
 .ARM.attributes
                0x0000000000000117       0x21 CMakeFiles/WoCaoLCD.elf.dir/Core/Startup/startup_stm32f103c8tx.s.obj
 .ARM.attributes
                0x0000000000000138       0x29 CMakeFiles/WoCaoLCD.elf.dir/Drivers/STM32F1xx_HAL_Driver/Src/stm32f1xx_hal.c.obj
 .ARM.attributes
                0x0000000000000161       0x29 CMakeFiles/WoCaoLCD.elf.dir/Drivers/STM32F1xx_HAL_Driver/Src/stm32f1xx_hal_cortex.c.obj
 .ARM.attributes
                0x000000000000018a       0x29 CMakeFiles/WoCaoLCD.elf.dir/Drivers/STM32F1xx_HAL_Driver/Src/stm32f1xx_hal_dma.c.obj
 .ARM.attributes
                0x00000000000001b3       0x29 CMakeFiles/WoCaoLCD.elf.dir/Drivers/STM32F1xx_HAL_Driver/Src/stm32f1xx_hal_gpio.c.obj
 .ARM.attributes
                0x00000000000001dc       0x29 CMakeFiles/WoCaoLCD.elf.dir/Drivers/STM32F1xx_HAL_Driver/Src/stm32f1xx_hal_rcc.c.obj
 .ARM.attributes
                0x0000000000000205       0x29 CMakeFiles/WoCaoLCD.elf.dir/Drivers/STM32F1xx_HAL_Driver/Src/stm32f1xx_hal_spi.c.obj
 .ARM.attributes
                0x000000000000022e       0x29 CMakeFiles/WoCaoLCD.elf.dir/Drivers/STM32F1xx_HAL_Driver/Src/stm32f1xx_hal_uart.c.obj
 .ARM.attributes
                0x0000000000000257       0x2d /Applications/ARM/bin/../lib/gcc/arm-none-eabi/10.3.1/../../../../arm-none-eabi/lib/thumb/v7-m/nofp/libc.a(lib_a-impure.o)
 .ARM.attributes
                0x0000000000000284       0x2d /Applications/ARM/bin/../lib/gcc/arm-none-eabi/10.3.1/../../../../arm-none-eabi/lib/thumb/v7-m/nofp/libc.a(lib_a-init.o)
 .ARM.attributes
                0x00000000000002b1       0x2d /Applications/ARM/bin/../lib/gcc/arm-none-eabi/10.3.1/../../../../arm-none-eabi/lib/thumb/v7-m/nofp/libc.a(lib_a-memset.o)
 .ARM.attributes
                0x00000000000002de       0x2d /Applications/ARM/bin/../lib/gcc/arm-none-eabi/10.3.1/../../../../arm-none-eabi/lib/thumb/v7-m/nofp/libc.a(lib_a-strstr.o)
 .ARM.attributes
                0x000000000000030b       0x2d /Applications/ARM/bin/../lib/gcc/arm-none-eabi/10.3.1/../../../../arm-none-eabi/lib/thumb/v7-m/nofp/libc.a(lib_a-__call_atexit.o)
 .ARM.attributes
                0x0000000000000338       0x2d /Applications/ARM/bin/../lib/gcc/arm-none-eabi/10.3.1/../../../../arm-none-eabi/lib/thumb/v7-m/nofp/libc.a(lib_a-atexit.o)
 .ARM.attributes
                0x0000000000000365       0x2d /Applications/ARM/bin/../lib/gcc/arm-none-eabi/10.3.1/../../../../arm-none-eabi/lib/thumb/v7-m/nofp/libc.a(lib_a-fini.o)
 .ARM.attributes
                0x0000000000000392       0x2d /Applications/ARM/bin/../lib/gcc/arm-none-eabi/10.3.1/../../../../arm-none-eabi/lib/thumb/v7-m/nofp/libc.a(lib_a-lock.o)
 .ARM.attributes
                0x00000000000003bf       0x2d /Applications/ARM/bin/../lib/gcc/arm-none-eabi/10.3.1/../../../../arm-none-eabi/lib/thumb/v7-m/nofp/libc.a(lib_a-memcmp.o)
 .ARM.attributes
                0x00000000000003ec       0x2d /Applications/ARM/bin/../lib/gcc/arm-none-eabi/10.3.1/../../../../arm-none-eabi/lib/thumb/v7-m/nofp/libc.a(lib_a-strchr.o)
 .ARM.attributes
                0x0000000000000419       0x2d /Applications/ARM/bin/../lib/gcc/arm-none-eabi/10.3.1/../../../../arm-none-eabi/lib/thumb/v7-m/nofp/libc.a(lib_a-strlen-stub.o)
 .ARM.attributes
                0x0000000000000446       0x2d /Applications/ARM/bin/../lib/gcc/arm-none-eabi/10.3.1/../../../../arm-none-eabi/lib/thumb/v7-m/nofp/libc.a(lib_a-strnlen.o)
 .ARM.attributes
                0x0000000000000473       0x2d /Applications/ARM/bin/../lib/gcc/arm-none-eabi/10.3.1/../../../../arm-none-eabi/lib/thumb/v7-m/nofp/libc.a(lib_a-__atexit.o)
 .ARM.attributes
                0x00000000000004a0       0x1d /Applications/ARM/bin/../lib/gcc/arm-none-eabi/10.3.1/thumb/v7-m/nofp/crtn.o
OUTPUT(WoCaoLCD.elf elf32-littlearm)
LOAD linker stubs
LOAD /Applications/ARM/bin/../lib/gcc/arm-none-eabi/10.3.1/../../../../arm-none-eabi/lib/thumb/v7-m/nofp/libc.a
LOAD /Applications/ARM/bin/../lib/gcc/arm-none-eabi/10.3.1/../../../../arm-none-eabi/lib/thumb/v7-m/nofp/libm.a
LOAD /Applications/ARM/bin/../lib/gcc/arm-none-eabi/10.3.1/thumb/v7-m/nofp/libgcc.a

.comment        0x0000000000000000       0x49
 .comment       0x0000000000000000       0x49 CMakeFiles/WoCaoLCD.elf.dir/Core/Src/LCD_Driver.c.obj
                                         0x4a (size before relaxing)
 .comment       0x0000000000000049       0x4a CMakeFiles/WoCaoLCD.elf.dir/Core/Src/main.c.obj
 .comment       0x0000000000000049       0x4a CMakeFiles/WoCaoLCD.elf.dir/Core/Src/stm32f1xx_hal_msp.c.obj
 .comment       0x0000000000000049       0x4a CMakeFiles/WoCaoLCD.elf.dir/Core/Src/stm32f1xx_it.c.obj
 .comment       0x0000000000000049       0x4a CMakeFiles/WoCaoLCD.elf.dir/Core/Src/system_stm32f1xx.c.obj
 .comment       0x0000000000000049       0x4a CMakeFiles/WoCaoLCD.elf.dir/Drivers/STM32F1xx_HAL_Driver/Src/stm32f1xx_hal.c.obj
 .comment       0x0000000000000049       0x4a CMakeFiles/WoCaoLCD.elf.dir/Drivers/STM32F1xx_HAL_Driver/Src/stm32f1xx_hal_cortex.c.obj
 .comment       0x0000000000000049       0x4a CMakeFiles/WoCaoLCD.elf.dir/Drivers/STM32F1xx_HAL_Driver/Src/stm32f1xx_hal_dma.c.obj
 .comment       0x0000000000000049       0x4a CMakeFiles/WoCaoLCD.elf.dir/Drivers/STM32F1xx_HAL_Driver/Src/stm32f1xx_hal_gpio.c.obj
 .comment       0x0000000000000049       0x4a CMakeFiles/WoCaoLCD.elf.dir/Drivers/STM32F1xx_HAL_Driver/Src/stm32f1xx_hal_rcc.c.obj
 .comment       0x0000000000000049       0x4a CMakeFiles/WoCaoLCD.elf.dir/Drivers/STM32F1xx_HAL_Driver/Src/stm32f1xx_hal_spi.c.obj
 .comment       0x0000000000000049       0x4a CMakeFiles/WoCaoLCD.elf.dir/Drivers/STM32F1xx_HAL_Driver/Src/stm32f1xx_hal_uart.c.obj

.debug_frame    0x0000000000000000      0x324
 .debug_frame   0x0000000000000000       0x2c /Applications/ARM/bin/../lib/gcc/arm-none-eabi/10.3.1/../../../../arm-none-eabi/lib/thumb/v7-m/nofp/libc.a(lib_a-init.o)
 .debug_frame   0x000000000000002c       0x2c /Applications/ARM/bin/../lib/gcc/arm-none-eabi/10.3.1/../../../../arm-none-eabi/lib/thumb/v7-m/nofp/libc.a(lib_a-memset.o)
 .debug_frame   0x0000000000000058       0x9c /Applications/ARM/bin/../lib/gcc/arm-none-eabi/10.3.1/../../../../arm-none-eabi/lib/thumb/v7-m/nofp/libc.a(lib_a-strstr.o)
 .debug_frame   0x00000000000000f4       0x5c /Applications/ARM/bin/../lib/gcc/arm-none-eabi/10.3.1/../../../../arm-none-eabi/lib/thumb/v7-m/nofp/libc.a(lib_a-__call_atexit.o)
 .debug_frame   0x0000000000000150       0x20 /Applications/ARM/bin/../lib/gcc/arm-none-eabi/10.3.1/../../../../arm-none-eabi/lib/thumb/v7-m/nofp/libc.a(lib_a-atexit.o)
 .debug_frame   0x0000000000000170       0x34 /Applications/ARM/bin/../lib/gcc/arm-none-eabi/10.3.1/../../../../arm-none-eabi/lib/thumb/v7-m/nofp/libc.a(lib_a-fini.o)
 .debug_frame   0x00000000000001a4       0xb0 /Applications/ARM/bin/../lib/gcc/arm-none-eabi/10.3.1/../../../../arm-none-eabi/lib/thumb/v7-m/nofp/libc.a(lib_a-lock.o)
 .debug_frame   0x0000000000000254       0x28 /Applications/ARM/bin/../lib/gcc/arm-none-eabi/10.3.1/../../../../arm-none-eabi/lib/thumb/v7-m/nofp/libc.a(lib_a-memcmp.o)
 .debug_frame   0x000000000000027c       0x34 /Applications/ARM/bin/../lib/gcc/arm-none-eabi/10.3.1/../../../../arm-none-eabi/lib/thumb/v7-m/nofp/libc.a(lib_a-strchr.o)
 .debug_frame   0x00000000000002b0       0x20 /Applications/ARM/bin/../lib/gcc/arm-none-eabi/10.3.1/../../../../arm-none-eabi/lib/thumb/v7-m/nofp/libc.a(lib_a-strlen-stub.o)
 .debug_frame   0x00000000000002d0       0x20 /Applications/ARM/bin/../lib/gcc/arm-none-eabi/10.3.1/../../../../arm-none-eabi/lib/thumb/v7-m/nofp/libc.a(lib_a-strnlen.o)
 .debug_frame   0x00000000000002f0       0x34 /Applications/ARM/bin/../lib/gcc/arm-none-eabi/10.3.1/../../../../arm-none-eabi/lib/thumb/v7-m/nofp/libc.a(lib_a-__atexit.o)
