Archive member included to satisfy reference by file (symbol)

/Applications/ARM/bin/../lib/gcc/arm-none-eabi/10.3.1/../../../../arm-none-eabi/lib/thumb/v7e-m/nofp/libstdc++.a(del_ops.o)
                              CMakeFiles/WoCaoSTM32.elf.dir/Core/Src/MediumBlur.cpp.obj (operator delete(void*, unsigned int))
/Applications/ARM/bin/../lib/gcc/arm-none-eabi/10.3.1/../../../../arm-none-eabi/lib/thumb/v7e-m/nofp/libstdc++.a(eh_arm.o)
                              CMakeFiles/WoCaoSTM32.elf.dir/Core/Src/RobotMain.cpp.obj (__cxa_end_cleanup)
/Applications/ARM/bin/../lib/gcc/arm-none-eabi/10.3.1/../../../../arm-none-eabi/lib/thumb/v7e-m/nofp/libstdc++.a(eh_exception.o)
                              /Applications/ARM/bin/../lib/gcc/arm-none-eabi/10.3.1/../../../../arm-none-eabi/lib/thumb/v7e-m/nofp/libstdc++.a(eh_arm.o) (typeinfo for __cxxabiv1::__forced_unwind)
/Applications/ARM/bin/../lib/gcc/arm-none-eabi/10.3.1/../../../../arm-none-eabi/lib/thumb/v7e-m/nofp/libstdc++.a(eh_globals.o)
                              /Applications/ARM/bin/../lib/gcc/arm-none-eabi/10.3.1/../../../../arm-none-eabi/lib/thumb/v7e-m/nofp/libstdc++.a(eh_arm.o) (__cxa_get_globals)
/Applications/ARM/bin/../lib/gcc/arm-none-eabi/10.3.1/../../../../arm-none-eabi/lib/thumb/v7e-m/nofp/libstdc++.a(eh_personality.o)
                              CMakeFiles/WoCaoSTM32.elf.dir/Core/Src/RobotMain.cpp.obj (__gxx_personality_v0)
/Applications/ARM/bin/../lib/gcc/arm-none-eabi/10.3.1/../../../../arm-none-eabi/lib/thumb/v7e-m/nofp/libstdc++.a(eh_terminate.o)
                              /Applications/ARM/bin/../lib/gcc/arm-none-eabi/10.3.1/../../../../arm-none-eabi/lib/thumb/v7e-m/nofp/libstdc++.a(eh_arm.o) (std::terminate())
/Applications/ARM/bin/../lib/gcc/arm-none-eabi/10.3.1/../../../../arm-none-eabi/lib/thumb/v7e-m/nofp/libstdc++.a(eh_unex_handler.o)
                              /Applications/ARM/bin/../lib/gcc/arm-none-eabi/10.3.1/../../../../arm-none-eabi/lib/thumb/v7e-m/nofp/libstdc++.a(eh_terminate.o) (__cxxabiv1::__unexpected_handler)
/Applications/ARM/bin/../lib/gcc/arm-none-eabi/10.3.1/../../../../arm-none-eabi/lib/thumb/v7e-m/nofp/libstdc++.a(new_op.o)
                              CMakeFiles/WoCaoSTM32.elf.dir/Core/Src/MediumBlur.cpp.obj (operator new(unsigned int))
/Applications/ARM/bin/../lib/gcc/arm-none-eabi/10.3.1/../../../../arm-none-eabi/lib/thumb/v7e-m/nofp/libstdc++.a(pure.o)
                              /Applications/ARM/bin/../lib/gcc/arm-none-eabi/10.3.1/../../../../arm-none-eabi/lib/thumb/v7e-m/nofp/libstdc++.a(eh_exception.o) (__cxa_pure_virtual)
/Applications/ARM/bin/../lib/gcc/arm-none-eabi/10.3.1/../../../../arm-none-eabi/lib/thumb/v7e-m/nofp/libstdc++.a(si_class_type_info.o)
                              /Applications/ARM/bin/../lib/gcc/arm-none-eabi/10.3.1/../../../../arm-none-eabi/lib/thumb/v7e-m/nofp/libstdc++.a(eh_exception.o) (vtable for __cxxabiv1::__si_class_type_info)
/Applications/ARM/bin/../lib/gcc/arm-none-eabi/10.3.1/../../../../arm-none-eabi/lib/thumb/v7e-m/nofp/libstdc++.a(tinfo.o)
                              /Applications/ARM/bin/../lib/gcc/arm-none-eabi/10.3.1/../../../../arm-none-eabi/lib/thumb/v7e-m/nofp/libstdc++.a(si_class_type_info.o) (std::type_info::__is_pointer_p() const)
/Applications/ARM/bin/../lib/gcc/arm-none-eabi/10.3.1/../../../../arm-none-eabi/lib/thumb/v7e-m/nofp/libstdc++.a(vterminate.o)
                              /Applications/ARM/bin/../lib/gcc/arm-none-eabi/10.3.1/../../../../arm-none-eabi/lib/thumb/v7e-m/nofp/libstdc++.a(eh_terminate.o) (__gnu_cxx::__verbose_terminate_handler())
/Applications/ARM/bin/../lib/gcc/arm-none-eabi/10.3.1/../../../../arm-none-eabi/lib/thumb/v7e-m/nofp/libstdc++.a(functexcept.o)
                              CMakeFiles/WoCaoSTM32.elf.dir/Core/Src/MediumBlur.cpp.obj (std::__throw_bad_alloc())
/Applications/ARM/bin/../lib/gcc/arm-none-eabi/10.3.1/../../../../arm-none-eabi/lib/thumb/v7e-m/nofp/libstdc++.a(snprintf_lite.o)
                              /Applications/ARM/bin/../lib/gcc/arm-none-eabi/10.3.1/../../../../arm-none-eabi/lib/thumb/v7e-m/nofp/libstdc++.a(functexcept.o) (__gnu_cxx::__snprintf_lite(char*, unsigned int, char const*, std::__va_list))
/Applications/ARM/bin/../lib/gcc/arm-none-eabi/10.3.1/../../../../arm-none-eabi/lib/thumb/v7e-m/nofp/libstdc++.a(string-inst.o)
                              CMakeFiles/WoCaoSTM32.elf.dir/Core/Src/OpenMVDriver.cpp.obj (std::__cxx11::basic_string<char, std::char_traits<char>, std::allocator<char> >::_M_create(unsigned int&, unsigned int))
/Applications/ARM/bin/../lib/gcc/arm-none-eabi/10.3.1/../../../../arm-none-eabi/lib/thumb/v7e-m/nofp/libstdc++.a(bad_alloc.o)
                              /Applications/ARM/bin/../lib/gcc/arm-none-eabi/10.3.1/../../../../arm-none-eabi/lib/thumb/v7e-m/nofp/libstdc++.a(new_op.o) (std::bad_alloc::~bad_alloc())
/Applications/ARM/bin/../lib/gcc/arm-none-eabi/10.3.1/../../../../arm-none-eabi/lib/thumb/v7e-m/nofp/libstdc++.a(bad_cast.o)
[...]
Memory Configuration

Name             Origin             Length             Attributes
CCMRAM           0x0000000010000000 0x0000000000010000 xrw
RAM              0x0000000020000000 0x0000000000020000 xrw
FLASH            0x0000000008000000 0x0000000000100000 xr
*default*        0x0000000000000000 0xffffffffffffffff

Linker script and memory map

LOAD /Applications/ARM/bin/../lib/gcc/arm-none-eabi/10.3.1/thumb/v7e-m/nofp/crti.o
LOAD /Applications/ARM/bin/../lib/gcc/arm-none-eabi/10.3.1/thumb/v7e-m/nofp/crtbegin.o
LOAD /Applications/ARM/bin/../lib/gcc/arm-none-eabi/10.3.1/../../../../arm-none-eabi/lib/thumb/v7e-m/nofp/crt0.o
LOAD CMakeFiles/WoCaoSTM32.elf.dir/Core/Src/LCD/GUI.cpp.obj
LOAD CMakeFiles/WoCaoSTM32.elf.dir/Core/Src/LCD/lcd.cpp.obj
LOAD CMakeFiles/WoCaoSTM32.elf.dir/Core/Src/MediumBlur.cpp.obj
LOAD CMakeFiles/WoCaoSTM32.elf.dir/Core/Src/OpenMVDriver.cpp.obj
LOAD CMakeFiles/WoCaoSTM32.elf.dir/Core/Src/RobotMain.cpp.obj
LOAD CMakeFiles/WoCaoSTM32.elf.dir/Core/Src/RobotMotion.cpp.obj
LOAD CMakeFiles/WoCaoSTM32.elf.dir/Core/Src/ServoDriver.cpp.obj
LOAD CMakeFiles/WoCaoSTM32.elf.dir/Core/Src/WheelPWM.cpp.obj
LOAD CMakeFiles/WoCaoSTM32.elf.dir/Core/Src/main.c.obj
LOAD CMakeFiles/WoCaoSTM32.elf.dir/Core/Src/stm32f4xx_hal_msp.c.obj
LOAD CMakeFiles/WoCaoSTM32.elf.dir/Core/Src/stm32f4xx_it.c.obj
LOAD CMakeFiles/WoCaoSTM32.elf.dir/Core/Src/syscalls.c.obj
LOAD CMakeFiles/WoCaoSTM32.elf.dir/Core/Src/sysmem.c.obj
LOAD CMakeFiles/WoCaoSTM32.elf.dir/Core/Src/system_stm32f4xx.c.obj
LOAD CMakeFiles/WoCaoSTM32.elf.dir/Core/Startup/startup_stm32f407zgtx.s.obj
LOAD CMakeFiles/WoCaoSTM32.elf.dir/Drivers/STM32F4xx_HAL_Driver/Src/stm32f4xx_hal.c.obj
LOAD CMakeFiles/WoCaoSTM32.elf.dir/Drivers/STM32F4xx_HAL_Driver/Src/stm32f4xx_hal_cortex.c.obj
LOAD CMakeFiles/WoCaoSTM32.elf.dir/Drivers/STM32F4xx_HAL_Driver/Src/stm32f4xx_hal_dma.c.obj
LOAD CMakeFiles/WoCaoSTM32.elf.dir/Drivers/STM32F4xx_HAL_Driver/Src/stm32f4xx_hal_dma_ex.c.obj
LOAD CMakeFiles/WoCaoSTM32.elf.dir/Drivers/STM32F4xx_HAL_Driver/Src/stm32f4xx_hal_exti.c.obj
LOAD CMakeFiles/WoCaoSTM32.elf.dir/Drivers/STM32F4xx_HAL_Driver/Src/stm32f4xx_hal_flash.c.obj
LOAD CMakeFiles/WoCaoSTM32.elf.dir/Drivers/STM32F4xx_HAL_Driver/Src/stm32f4xx_hal_flash_ex.c.obj
LOAD CMakeFiles/WoCaoSTM32.elf.dir/Drivers/STM32F4xx_HAL_Driver/Src/stm32f4xx_hal_flash_ramfunc.c.obj
LOAD CMakeFiles/WoCaoSTM32.elf.dir/Drivers/STM32F4xx_HAL_Driver/Src/stm32f4xx_hal_gpio.c.obj
LOAD CMakeFiles/WoCaoSTM32.elf.dir/Drivers/STM32F4xx_HAL_Driver/Src/stm32f4xx_hal_pwr.c.obj
LOAD CMakeFiles/WoCaoSTM32.elf.dir/Drivers/STM32F4xx_HAL_Driver/Src/stm32f4xx_hal_pwr_ex.c.obj
LOAD CMakeFiles/WoCaoSTM32.elf.dir/Drivers/STM32F4xx_HAL_Driver/Src/stm32f4xx_hal_rcc.c.obj
LOAD CMakeFiles/WoCaoSTM32.elf.dir/Drivers/STM32F4xx_HAL_Driver/Src/stm32f4xx_hal_rcc_ex.c.obj
LOAD CMakeFiles/WoCaoSTM32.elf.dir/Drivers/STM32F4xx_HAL_Driver/Src/stm32f4xx_hal_spi.c.obj
LOAD CMakeFiles/WoCaoSTM32.elf.dir/Drivers/STM32F4xx_HAL_Driver/Src/stm32f4xx_hal_tim.c.obj
LOAD CMakeFiles/WoCaoSTM32.elf.dir/Drivers/STM32F4xx_HAL_Driver/Src/stm32f4xx_hal_tim_ex.c.obj
LOAD CMakeFiles/WoCaoSTM32.elf.dir/Drivers/STM32F4xx_HAL_Driver/Src/stm32f4xx_hal_uart.c.obj
LOAD /Applications/ARM/bin/../lib/gcc/arm-none-eabi/10.3.1/../../../../arm-none-eabi/lib/thumb/v7e-m/nofp/libstdc++.a
LOAD /Applications/ARM/bin/../lib/gcc/arm-none-eabi/10.3.1/../../../../arm-none-eabi/lib/thumb/v7e-m/nofp/libm.a
START GROUP
LOAD /Applications/ARM/bin/../lib/gcc/arm-none-eabi/10.3.1/thumb/v7e-m/nofp/libgcc.a
LOAD /Applications/ARM/bin/../lib/gcc/arm-none-eabi/10.3.1/../../../../arm-none-eabi/lib/thumb/v7e-m/nofp/libc.a
END GROUP
LOAD /Applications/ARM/bin/../lib/gcc/arm-none-eabi/10.3.1/thumb/v7e-m/nofp/crtend.o
LOAD /Applications/ARM/bin/../lib/gcc/arm-none-eabi/10.3.1/thumb/v7e-m/nofp/crtn.o
                0x0000000020020000                _estack = (ORIGIN (RAM) + LENGTH (RAM))
                0x0000000000001000                _Min_Heap_Size = 0x1000
                0x0000000000001000                _Min_Stack_Size = 0x1000

.isr_vector     0x0000000008000000      0x188
                0x0000000008000000                . = ALIGN (0x4)
 *(.isr_vector)
 .isr_vector    0x0000000008000000      0x188 CMakeFiles/WoCaoSTM32.elf.dir/Core/Startup/startup_stm32f407zgtx.s.obj
                0x0000000008000000                g_pfnVectors
                0x0000000008000188                . = ALIGN (0x4)

.text           0x00000000080001c0    0x1ac3c
                0x00000000080001c0                . = ALIGN (0x4)
 *(.text)
 .text          0x00000000080001c0       0x40 /Applications/ARM/bin/../lib/gcc/arm-none-eabi/10.3.1/thumb/v7e-m/nofp/crtbegin.o
 .text          0x0000000008000200     0x5fa4 /Applications/ARM/bin/../lib/gcc/arm-none-eabi/10.3.1/../../../../arm-none-eabi/lib/thumb/v7e-m/nofp/libstdc++.a(cp-demangle.o)
                0x00000000080060bc                __cxa_demangle
                0x0000000008006180                __gcclibcxx_demangle_callback
 .text          0x00000000080061a4      0x378 /Applications/ARM/bin/../lib/gcc/arm-none-eabi/10.3.1/thumb/v7e-m/nofp/libgcc.a(_arm_addsubdf3.o)
                0x00000000080061a4                __aeabi_drsub
                0x00000000080061ac                __subdf3
                0x00000000080061ac                __aeabi_dsub
                0x00000000080061b0                __aeabi_dadd
                0x00000000080061b0                __adddf3
                0x0000000008006428                __aeabi_ui2d
                0x0000000008006428                __floatunsidf
                0x0000000008006448                __floatsidf
                0x0000000008006448                __aeabi_i2d
                0x000000000800646c                __extendsfdf2
                0x000000000800646c                __aeabi_f2d
                0x00000000080064b0                __aeabi_ul2d
                0x00000000080064b0                __floatundidf
                0x00000000080064c0                __aeabi_l2d
                0x00000000080064c0                __floatdidf
 .text          0x000000000800651c      0x110 /Applications/ARM/bin/../lib/gcc/arm-none-eabi/10.3.1/thumb/v7e-m/nofp/libgcc.a(_arm_cmpdf2.o)
                0x000000000800651c                __gedf2
                0x000000000800651c                __gtdf2
                0x0000000008006524                __ledf2
                0x0000000008006524                __ltdf2
                0x000000000800652c                __cmpdf2
                0x000000000800652c                __eqdf2
                0x000000000800652c                __nedf2
                0x00000000080065a8                __aeabi_cdrcmple
                0x00000000080065b8                __aeabi_cdcmple
                0x00000000080065b8                __aeabi_cdcmpeq
                0x00000000080065c8                __aeabi_dcmpeq
                0x00000000080065dc                __aeabi_dcmplt
                0x00000000080065f0                __aeabi_dcmple
                0x0000000008006604                __aeabi_dcmpge
                0x0000000008006618                __aeabi_dcmpgt
 .text          0x000000000800662c       0x50 /Applications/ARM/bin/../lib/gcc/arm-none-eabi/10.3.1/thumb/v7e-m/nofp/libgcc.a(_arm_fixdfsi.o)
                0x000000000800662c                __fixdfsi
                0x000000000800662c                __aeabi_d2iz
 .text          0x000000000800667c       0x30 /Applications/ARM/bin/../lib/gcc/arm-none-eabi/10.3.1/thumb/v7e-m/nofp/libgcc.a(_aeabi_uldivmod.o)
                0x000000000800667c                __aeabi_uldivmod
 .text          0x00000000080066ac      0x2d0 /Applications/ARM/bin/../lib/gcc/arm-none-eabi/10.3.1/thumb/v7e-m/nofp/libgcc.a(_udivmoddi4.o)
                0x00000000080066ac                __udivmoddi4
 .text          0x000000000800697c      0x9d8 /Applications/ARM/bin/../lib/gcc/arm-none-eabi/10.3.1/thumb/v7e-m/nofp/libgcc.a(unwind-arm.o)
                0x0000000008006c24                _Unwind_GetCFA
                0x0000000008006c28                __gnu_Unwind_RaiseException
                0x0000000008006c90                __gnu_Unwind_ForcedUnwind
                0x0000000008006ca0                __gnu_Unwind_Resume
                0x0000000008006ce4                __gnu_Unwind_Resume_or_Rethrow
                0x0000000008006cf4                _Unwind_Complete
                0x0000000008006cf8                _Unwind_DeleteException
                0x0000000008006d04                _Unwind_VRS_Get
                0x0000000008006d50                _Unwind_VRS_Set
                0x0000000008006d98                __gnu_Unwind_Backtrace
                0x00000000080070c4                __aeabi_unwind_cpp_pr0
                0x00000000080070c8                __aeabi_unwind_cpp_pr1
                0x00000000080070cc                __aeabi_unwind_cpp_pr2
                0x00000000080070d0                _Unwind_VRS_Pop
 .text          0x0000000008007354      0x1ac /Applications/ARM/bin/../lib/gcc/arm-none-eabi/10.3.1/thumb/v7e-m/nofp/libgcc.a(libunwind.o)
                0x0000000008007354                __restore_core_regs
                0x0000000008007354                restore_core_regs
                0x000000000800736c                __gnu_Unwind_Restore_VFP
                0x0000000008007374                __gnu_Unwind_Save_VFP
                0x000000000800737c                __gnu_Unwind_Restore_VFP_D
                0x0000000008007384                __gnu_Unwind_Save_VFP_D
                0x000000000800738c                __gnu_Unwind_Restore_VFP_D_16_to_31
                0x0000000008007394                __gnu_Unwind_Save_VFP_D_16_to_31
                0x000000000800739c                __gnu_Unwind_Restore_WMMXD
                0x00000000080073e0                __gnu_Unwind_Save_WMMXD
                0x0000000008007424                __gnu_Unwind_Restore_WMMXC
                0x0000000008007438                __gnu_Unwind_Save_WMMXC
                0x000000000800744c                _Unwind_RaiseException
                0x000000000800744c                ___Unwind_RaiseException
                0x0000000008007470                ___Unwind_Resume
                0x0000000008007470                _Unwind_Resume
                0x0000000008007494                ___Unwind_Resume_or_Rethrow
                0x0000000008007494                _Unwind_Resume_or_Rethrow
                0x00000000080074b8                _Unwind_ForcedUnwind
                0x00000000080074b8                ___Unwind_ForcedUnwind
                0x00000000080074dc                _Unwind_Backtrace
                0x00000000080074dc                ___Unwind_Backtrace
 .text          0x0000000008007500      0x350 /Applications/ARM/bin/../lib/gcc/arm-none-eabi/10.3.1/thumb/v7e-m/nofp/libgcc.a(pr-support.o)
                0x0000000008007558                __gnu_unwind_execute
                0x0000000008007804                __gnu_unwind_frame
                0x0000000008007830                _Unwind_GetRegionStart
                0x000000000800783c                _Unwind_GetLanguageSpecificData
 .text          0x0000000008007850        0x4 /Applications/ARM/bin/../lib/gcc/arm-none-eabi/10.3.1/thumb/v7e-m/nofp/libgcc.a(_dvmd_tls.o)
                0x0000000008007850                __aeabi_ldiv0
                0x0000000008007850                __aeabi_idiv0
 *fill*         0x0000000008007854        0xc 
 .text          0x0000000008007860       0xa0 /Applications/ARM/bin/../lib/gcc/arm-none-eabi/10.3.1/../../../../arm-none-eabi/lib/thumb/v7e-m/nofp/libc.a(lib_a-memchr.o)
                0x0000000008007860                memchr
 .text          0x0000000008007900      0x134 /Applications/ARM/bin/../lib/gcc/arm-none-eabi/10.3.1/../../../../arm-none-eabi/lib/thumb/v7e-m/nofp/libc.a(lib_a-memcpy.o)
                0x0000000008007900                memcpy
 *fill*         0x0000000008007a34        0xc 
 .text          0x0000000008007a40      0x2dc /Applications/ARM/bin/../lib/gcc/arm-none-eabi/10.3.1/../../../../arm-none-eabi/lib/thumb/v7e-m/nofp/libc.a(lib_a-strcmp.o)
                0x0000000008007a48                strcmp
 *fill*         0x0000000008007d1c       0x24 
 .text          0x0000000008007d40       0xdc /Applications/ARM/bin/../lib/gcc/arm-none-eabi/10.3.1/../../../../arm-none-eabi/lib/thumb/v7e-m/nofp/libc.a(lib_a-strlen.o)
                0x0000000008007d40                strlen
 .text          0x0000000008007e1c      0x424 /Applications/ARM/bin/../lib/gcc/arm-none-eabi/10.3.1/thumb/v7e-m/nofp/libgcc.a(_arm_muldivdf3.o)
                0x0000000008007e1c                __aeabi_dmul
                0x0000000008007e1c                __muldf3
                0x0000000008008070                __aeabi_ddiv
                0x0000000008008070                __divdf3
 .text          0x0000000008008240       0x2c /Applications/ARM/bin/../lib/gcc/arm-none-eabi/10.3.1/thumb/v7e-m/nofp/libgcc.a(_arm_unorddf2.o)
                0x0000000008008240                __aeabi_dcmpun
                0x0000000008008240                __unorddf2
 *(.text*)
 .text.LCD_SetWindows
                0x000000000800826c      0x33c CMakeFiles/WoCaoSTM32.elf.dir/Core/Src/LCD/lcd.cpp.obj
                0x000000000800826c                LCD_SetWindows
 .text.LCD_Clear
                0x00000000080085a8       0xb0 CMakeFiles/WoCaoSTM32.elf.dir/Core/Src/LCD/lcd.cpp.obj
                0x00000000080085a8                LCD_Clear
 .text.LCD_Init
                0x0000000008008658      0xf2c CMakeFiles/WoCaoSTM32.elf.dir/Core/Src/LCD/lcd.cpp.obj
                0x0000000008008658                LCD_Init
 .text._Z19LCD_Draw_Number_Toptth
                0x0000000008009584       0x9c CMakeFiles/WoCaoSTM32.elf.dir/Core/Src/LCD/lcd.cpp.obj
                0x0000000008009584                LCD_Draw_Number_Top(unsigned short, unsigned short, unsigned char)
 .text._Z24LCD_Draw_Number_Top_Lefttth
                0x0000000008009620       0x9c CMakeFiles/WoCaoSTM32.elf.dir/Core/Src/LCD/lcd.cpp.obj
                0x0000000008009620                LCD_Draw_Number_Top_Left(unsigned short, unsigned short, unsigned char)
 .text._Z25LCD_Draw_Number_Top_Righttth
                0x00000000080096bc       0xa0 CMakeFiles/WoCaoSTM32.elf.dir/Core/Src/LCD/lcd.cpp.obj
                0x00000000080096bc                LCD_Draw_Number_Top_Right(unsigned short, unsigned short, unsigned char)
 .text._Z22LCD_Draw_Number_Middletth
                0x000000000800975c       0xa0 CMakeFiles/WoCaoSTM32.elf.dir/Core/Src/LCD/lcd.cpp.obj
                0x000000000800975c                LCD_Draw_Number_Middle(unsigned short, unsigned short, unsigned char)
 .text._Z27LCD_Draw_Number_Bottom_Lefttth
                0x00000000080097fc       0xa4 CMakeFiles/WoCaoSTM32.elf.dir/Core/Src/LCD/lcd.cpp.obj
                0x00000000080097fc                LCD_Draw_Number_Bottom_Left(unsigned short, unsigned short, unsigned char)
 .text._Z28LCD_Draw_Number_Bottom_Righttth
                0x00000000080098a0       0xa8 CMakeFiles/WoCaoSTM32.elf.dir/Core/Src/LCD/lcd.cpp.obj
                0x00000000080098a0                LCD_Draw_Number_Bottom_Right(unsigned short, unsigned short, unsigned char)
 .text._Z22LCD_Draw_Number_Bottomtth
                0x0000000008009948       0xa8 CMakeFiles/WoCaoSTM32.elf.dir/Core/Src/LCD/lcd.cpp.obj
                0x0000000008009948                LCD_Draw_Number_Bottom(unsigned short, unsigned short, unsigned char)
 .text.LCD_Draw_Number
                0x00000000080099f0      0x148 CMakeFiles/WoCaoSTM32.elf.dir/Core/Src/LCD/lcd.cpp.obj
                0x00000000080099f0                LCD_Draw_Number
 .text.LCD_Draw_Add_Char
                0x0000000008009b38      0x148 CMakeFiles/WoCaoSTM32.elf.dir/Core/Src/LCD/lcd.cpp.obj
                0x0000000008009b38                LCD_Draw_Add_Char
 .text._ZSt13__adjust_heapIN9__gnu_cxx17__normal_iteratorIPiSt6vectorIiSaIiEEEEiiNS0_5__ops15_Iter_comp_iterISt4lessIiEEEEvT_T0_SD_T1_T2_.isra.0
                0x0000000008009c80       0xcc CMakeFiles/WoCaoSTM32.elf.dir/Core/Src/MediumBlur.cpp.obj
 .text._ZN10MediumBlurC2Ei
                0x0000000008009d4c       0x14 CMakeFiles/WoCaoSTM32.elf.dir/Core/Src/MediumBlur.cpp.obj
                0x0000000008009d4c                MediumBlur::MediumBlur(int)
                0x0000000008009d4c                MediumBlur::MediumBlur(int)
 .text._ZN10MediumBlur8GetValueEv
                0x0000000008009d60       0x10 CMakeFiles/WoCaoSTM32.elf.dir/Core/Src/MediumBlur.cpp.obj
                0x0000000008009d60                MediumBlur::GetValue()
 .text._ZNSt6vectorIiSaIiEE17_M_realloc_insertIJRKiEEEvN9__gnu_cxx17__normal_iteratorIPiS1_EEDpOT_
                0x0000000008009d70       0xd8 CMakeFiles/WoCaoSTM32.elf.dir/Core/Src/MediumBlur.cpp.obj
                0x0000000008009d70                void std::vector<int, std::allocator<int> >::_M_realloc_insert<int const&>(__gnu_cxx::__normal_iterator<int*, std::vector<int, std::allocator<int> > >, int const&)
 .text._ZSt16__introsort_loopIN9__gnu_cxx17__normal_iteratorIPiSt6vectorIiSaIiEEEEiNS0_5__ops15_Iter_comp_iterISt4lessIiEEEEvT_SC_T0_T1_
                0x0000000008009e48      0x10c CMakeFiles/WoCaoSTM32.elf.dir/Core/Src/MediumBlur.cpp.obj
                0x0000000008009e48                void std::__introsort_loop<__gnu_cxx::__normal_iterator<int*, std::vector<int, std::allocator<int> > >, int, __gnu_cxx::__ops::_Iter_comp_iter<std::less<int> > >(__gnu_cxx::__normal_iterator<int*, std::vector<int, std::allocator<int> > >, __gnu_cxx::__normal_iterator<int*, std::vector<int, std::allocator<int> > >, int, __gnu_cxx::__ops::_Iter_comp_iter<std::less<int> >)
 .text._ZN10MediumBlur4SortEv
                0x0000000008009f54      0x1a0 CMakeFiles/WoCaoSTM32.elf.dir/Core/Src/MediumBlur.cpp.obj
                0x0000000008009f54                MediumBlur::Sort()
 .text._ZN10MediumBlur6AppendEi
                0x000000000800a0f4       0x54 CMakeFiles/WoCaoSTM32.elf.dir/Core/Src/MediumBlur.cpp.obj
                0x000000000800a0f4                MediumBlur::Append(int)
 .text._ZN12OpenMVDriver13GetUpdateTickEv
                0x000000000800a148        0x4 CMakeFiles/WoCaoSTM32.elf.dir/Core/Src/OpenMVDriver.cpp.obj
                0x000000000800a148                OpenMVDriver::GetUpdateTick()
 .text._ZN12OpenMVDriver10SendSignalE10OPENMV_CMDil
                0x000000000800a14c       0x80 CMakeFiles/WoCaoSTM32.elf.dir/Core/Src/OpenMVDriver.cpp.obj
                0x000000000800a14c                OpenMVDriver::SendSignal(OPENMV_CMD, int, long)
 .text._ZN12OpenMVDriver19HandleOpenMVPackageEiPhi
                0x000000000800a1cc       0x40 CMakeFiles/WoCaoSTM32.elf.dir/Core/Src/OpenMVDriver.cpp.obj
                0x000000000800a1cc                OpenMVDriver::HandleOpenMVPackage(int, unsigned char*, int)
 .text._ZN12OpenMVDriver6GetStrB5cxx11Ev
                0x000000000800a20c       0x60 CMakeFiles/WoCaoSTM32.elf.dir/Core/Src/OpenMVDriver.cpp.obj
                0x000000000800a20c                OpenMVDriver::GetStr[abi:cxx11]()
 .text._ZN12OpenMVDriver7GetPairEv
                0x000000000800a26c        0xc CMakeFiles/WoCaoSTM32.elf.dir/Core/Src/OpenMVDriver.cpp.obj
                0x000000000800a26c                OpenMVDriver::GetPair()
 .text._Z17LCDShowQrcodeInfoNSt7__cxx1112basic_stringIcSt11char_traitsIcESaIcEEE.part.0
                0x000000000800a278       0x80 CMakeFiles/WoCaoSTM32.elf.dir/Core/Src/RobotMain.cpp.obj
 .text._Z24HandleDebugSerialMessagePKci
                0x000000000800a2f8       0xa8 CMakeFiles/WoCaoSTM32.elf.dir/Core/Src/RobotMain.cpp.obj
                0x000000000800a2f8                HandleDebugSerialMessage(char const*, int)
 .text.HAL_UART_RxCpltCallback
                0x000000000800a3a0      0x1f0 CMakeFiles/WoCaoSTM32.elf.dir/Core/Src/RobotMain.cpp.obj
                0x000000000800a3a0                HAL_UART_RxCpltCallback
 .text.HAL_TIM_PeriodElapsedCallback
                0x000000000800a590      0x150 CMakeFiles/WoCaoSTM32.elf.dir/Core/Src/RobotMain.cpp.obj
                0x000000000800a590                HAL_TIM_PeriodElapsedCallback
 .text.HAL_GPIO_EXTI_Callback
                0x000000000800a6e0       0xe0 CMakeFiles/WoCaoSTM32.elf.dir/Core/Src/RobotMain.cpp.obj
                0x000000000800a6e0                HAL_GPIO_EXTI_Callback
 .text._Z9RobotInitv
                0x000000000800a7c0       0xa8 CMakeFiles/WoCaoSTM32.elf.dir/Core/Src/RobotMain.cpp.obj
                0x000000000800a7c0                RobotInit()
 .text._ZN10MediumBlurD2Ev
                0x000000000800a868       0x20 CMakeFiles/WoCaoSTM32.elf.dir/Core/Src/RobotMain.cpp.obj
                0x000000000800a868                MediumBlur::~MediumBlur()
                0x000000000800a868                MediumBlur::~MediumBlur()
 .text._Z16WaitForRedObjectv
                0x000000000800a888       0xe8 CMakeFiles/WoCaoSTM32.elf.dir/Core/Src/RobotMain.cpp.obj
                0x000000000800a888                WaitForRedObject()
 .text._Z18WaitForGreenObjectv
                0x000000000800a970       0xe8 CMakeFiles/WoCaoSTM32.elf.dir/Core/Src/RobotMain.cpp.obj
                0x000000000800a970                WaitForGreenObject()
 .text._Z17WaitForBlueObjectv
                0x000000000800aa58       0xe8 CMakeFiles/WoCaoSTM32.elf.dir/Core/Src/RobotMain.cpp.obj
                0x000000000800aa58                WaitForBlueObject()
 .text._Z9GetQrcodeB5cxx11v
                0x000000000800ab40       0xc4 CMakeFiles/WoCaoSTM32.elf.dir/Core/Src/RobotMain.cpp.obj
                0x000000000800ab40                GetQrcode[abi:cxx11]()
 .text._Z10SendQrcodeNSt7__cxx1112basic_stringIcSt11char_traitsIcESaIcEEE
                0x000000000800ac04      0x100 CMakeFiles/WoCaoSTM32.elf.dir/Core/Src/RobotMain.cpp.obj
                0x000000000800ac04                SendQrcode(std::__cxx11::basic_string<char, std::char_traits<char>, std::allocator<char> >)
 .text._Z17GetColorCircleSeqB5cxx11v
                0x000000000800ad04      0x20c CMakeFiles/WoCaoSTM32.elf.dir/Core/Src/RobotMain.cpp.obj
                0x000000000800ad04                GetColorCircleSeq[abi:cxx11]()
 .text._Z10PutObject1cRKNSt7__cxx1112basic_stringIcSt11char_traitsIcESaIcEEE
                0x000000000800af10       0x84 CMakeFiles/WoCaoSTM32.elf.dir/Core/Src/RobotMain.cpp.obj
                0x000000000800af10                PutObject1(char, std::__cxx11::basic_string<char, std::char_traits<char>, std::allocator<char> > const&)
 .text._Z10PutObject2cRKNSt7__cxx1112basic_stringIcSt11char_traitsIcESaIcEEE
                0x000000000800af94       0x84 CMakeFiles/WoCaoSTM32.elf.dir/Core/Src/RobotMain.cpp.obj
                0x000000000800af94                PutObject2(char, std::__cxx11::basic_string<char, std::char_traits<char>, std::allocator<char> > const&)
 .text._Z10GetObject1cRKNSt7__cxx1112basic_stringIcSt11char_traitsIcESaIcEEE
                0x000000000800b018       0x94 CMakeFiles/WoCaoSTM32.elf.dir/Core/Src/RobotMain.cpp.obj
                0x000000000800b018                GetObject1(char, std::__cxx11::basic_string<char, std::char_traits<char>, std::allocator<char> > const&)
 *fill*         0x000000000800b0ac        0x4 
 .text.RobotMain
                0x000000000800b0b0      0xb80 CMakeFiles/WoCaoSTM32.elf.dir/Core/Src/RobotMain.cpp.obj
                0x000000000800b0b0                RobotMain
 .text._ZN11RobotMotion4InitEv
                0x000000000800bc30       0x44 CMakeFiles/WoCaoSTM32.elf.dir/Core/Src/RobotMotion.cpp.obj
                0x000000000800bc30                RobotMotion::Init()
 .text._ZN11RobotMotion15ClearWheelSpeedEv
                0x000000000800bc74       0x18 CMakeFiles/WoCaoSTM32.elf.dir/Core/Src/RobotMotion.cpp.obj
                0x000000000800bc74                RobotMotion::ClearWheelSpeed()
 .text._ZN11RobotMotion16UpdateWheelSpeedEv
                0x000000000800bc8c       0x30 CMakeFiles/WoCaoSTM32.elf.dir/Core/Src/RobotMotion.cpp.obj
                0x000000000800bc8c                RobotMotion::UpdateWheelSpeed()
 .text._ZN11RobotMotion4StopEv
                0x000000000800bcbc       0x44 CMakeFiles/WoCaoSTM32.elf.dir/Core/Src/RobotMotion.cpp.obj
                0x000000000800bcbc                RobotMotion::Stop()
 .text._ZN11RobotMotion12KeepHrizLeftER10MediumBlur
                0x000000000800bd00       0xfc CMakeFiles/WoCaoSTM32.elf.dir/Core/Src/RobotMotion.cpp.obj
                0x000000000800bd00                RobotMotion::KeepHrizLeft(MediumBlur&)
 .text._ZN11RobotMotion11MoveForwardEd
                0x000000000800bdfc       0x28 CMakeFiles/WoCaoSTM32.elf.dir/Core/Src/RobotMotion.cpp.obj
                0x000000000800bdfc                RobotMotion::MoveForward(double)
 .text._ZN11RobotMotion12MoveBackwardEd
                0x000000000800be24       0x28 CMakeFiles/WoCaoSTM32.elf.dir/Core/Src/RobotMotion.cpp.obj
                0x000000000800be24                RobotMotion::MoveBackward(double)
 .text._ZN11RobotMotion8MoveLeftEd
                0x000000000800be4c       0x28 CMakeFiles/WoCaoSTM32.elf.dir/Core/Src/RobotMotion.cpp.obj
                0x000000000800be4c                RobotMotion::MoveLeft(double)
 .text._ZN11RobotMotion9MoveRightEd
                0x000000000800be74       0x28 CMakeFiles/WoCaoSTM32.elf.dir/Core/Src/RobotMotion.cpp.obj
                0x000000000800be74                RobotMotion::MoveRight(double)
 .text._ZN11RobotMotion33MoveForwardWithDisAndFindLeftLineEdd
                0x000000000800be9c      0x2e0 CMakeFiles/WoCaoSTM32.elf.dir/Core/Src/RobotMotion.cpp.obj
                0x000000000800be9c                RobotMotion::MoveForwardWithDisAndFindLeftLine(double, double)
 .text._ZN11RobotMotion15MoveLeftWithDisEdd
                0x000000000800c17c       0xac CMakeFiles/WoCaoSTM32.elf.dir/Core/Src/RobotMotion.cpp.obj
                0x000000000800c17c                RobotMotion::MoveLeftWithDis(double, double)
 .text._ZN11RobotMotion16MoveRightWithDisEdd
                0x000000000800c228       0xa8 CMakeFiles/WoCaoSTM32.elf.dir/Core/Src/RobotMotion.cpp.obj
                0x000000000800c228                RobotMotion::MoveRightWithDis(double, double)
 .text._ZN11RobotMotion13MoveXYWithDisEddd
                0x000000000800c2d0      0x210 CMakeFiles/WoCaoSTM32.elf.dir/Core/Src/RobotMotion.cpp.obj
                0x000000000800c2d0                RobotMotion::MoveXYWithDis(double, double, double)
 .text._ZN11RobotMotion8TurnLeftEd
                0x000000000800c4e0       0xc0 CMakeFiles/WoCaoSTM32.elf.dir/Core/Src/RobotMotion.cpp.obj
                0x000000000800c4e0                RobotMotion::TurnLeft(double)
 .text._ZN11RobotMotion17TrackCenterCircleE10OPENMV_CMDi
                0x000000000800c5a0      0x160 CMakeFiles/WoCaoSTM32.elf.dir/Core/Src/RobotMotion.cpp.obj
                0x000000000800c5a0                RobotMotion::TrackCenterCircle(OPENMV_CMD, int)
 .text._ZN11RobotMotion17TrackCenterObjectEv
                0x000000000800c700       0xec CMakeFiles/WoCaoSTM32.elf.dir/Core/Src/RobotMotion.cpp.obj
                0x000000000800c700                RobotMotion::TrackCenterObject()
 .text.startup._GLOBAL__sub_I_openMVDriver
                0x000000000800c7ec        0xc CMakeFiles/WoCaoSTM32.elf.dir/Core/Src/RobotMotion.cpp.obj
 .text._ZN11ServoDriver18HandleServoPackageEPhi
                0x000000000800c7f8       0x98 CMakeFiles/WoCaoSTM32.elf.dir/Core/Src/ServoDriver.cpp.obj
                0x000000000800c7f8                ServoDriver::HandleServoPackage(unsigned char*, int)
 .text._ZN11ServoDriver14UpdateServoPosEv
                0x000000000800c890      0x538 CMakeFiles/WoCaoSTM32.elf.dir/Core/Src/ServoDriver.cpp.obj
                0x000000000800c890                ServoDriver::UpdateServoPos()
 .text._ZN11ServoDriver6S1OpenEv
                0x000000000800cdc8       0x64 CMakeFiles/WoCaoSTM32.elf.dir/Core/Src/ServoDriver.cpp.obj
                0x000000000800cdc8                ServoDriver::S1Open()
 .text._ZN11ServoDriver6S2OpenEv
                0x000000000800ce2c       0x64 CMakeFiles/WoCaoSTM32.elf.dir/Core/Src/ServoDriver.cpp.obj
                0x000000000800ce2c                ServoDriver::S2Open()
 .text._ZN11ServoDriver6S3OpenEv
                0x000000000800ce90       0x64 CMakeFiles/WoCaoSTM32.elf.dir/Core/Src/ServoDriver.cpp.obj
                0x000000000800ce90                ServoDriver::S3Open()
 .text._ZN11ServoDriver7S1CloseEv
                0x000000000800cef4       0x64 CMakeFiles/WoCaoSTM32.elf.dir/Core/Src/ServoDriver.cpp.obj
                0x000000000800cef4                ServoDriver::S1Close()
 .text._ZN11ServoDriver7S2CloseEv
                0x000000000800cf58       0x64 CMakeFiles/WoCaoSTM32.elf.dir/Core/Src/ServoDriver.cpp.obj
                0x000000000800cf58                ServoDriver::S2Close()
 .text._ZN11ServoDriver7S3CloseEv
                0x000000000800cfbc       0x64 CMakeFiles/WoCaoSTM32.elf.dir/Core/Src/ServoDriver.cpp.obj
                0x000000000800cfbc                ServoDriver::S3Close()
 .text._ZN11ServoDriver8ClawOpenEv
                0x000000000800d020       0x70 CMakeFiles/WoCaoSTM32.elf.dir/Core/Src/ServoDriver.cpp.obj
                0x000000000800d020                ServoDriver::ClawOpen()
 .text._ZN11ServoDriver9ClawOpen2Ev
                0x000000000800d090       0x64 CMakeFiles/WoCaoSTM32.elf.dir/Core/Src/ServoDriver.cpp.obj
                0x000000000800d090                ServoDriver::ClawOpen2()
 .text._ZN11ServoDriver9ClawCloseEv
                0x000000000800d0f4       0x70 CMakeFiles/WoCaoSTM32.elf.dir/Core/Src/ServoDriver.cpp.obj
                0x000000000800d0f4                ServoDriver::ClawClose()
 .text._ZN11ServoDriver9MoveToTopEv
                0x000000000800d164       0xcc CMakeFiles/WoCaoSTM32.elf.dir/Core/Src/ServoDriver.cpp.obj
                0x000000000800d164                ServoDriver::MoveToTop()
 .text._ZN11ServoDriver4InitEv
                0x000000000800d230      0x288 CMakeFiles/WoCaoSTM32.elf.dir/Core/Src/ServoDriver.cpp.obj
                0x000000000800d230                ServoDriver::Init()
 .text._ZN11ServoDriver8MoveToS1Ev
                0x000000000800d4b8      0x280 CMakeFiles/WoCaoSTM32.elf.dir/Core/Src/ServoDriver.cpp.obj
                0x000000000800d4b8                ServoDriver::MoveToS1()
 .text._ZN11ServoDriver10MoveFromS1Ev
                0x000000000800d738      0x17c CMakeFiles/WoCaoSTM32.elf.dir/Core/Src/ServoDriver.cpp.obj
                0x000000000800d738                ServoDriver::MoveFromS1()
 .text._ZN11ServoDriver8MoveToS2Ev
                0x000000000800d8b4      0x280 CMakeFiles/WoCaoSTM32.elf.dir/Core/Src/ServoDriver.cpp.obj
                0x000000000800d8b4                ServoDriver::MoveToS2()
 .text._ZN11ServoDriver10MoveFromS2Ev
                0x000000000800db34      0x17c CMakeFiles/WoCaoSTM32.elf.dir/Core/Src/ServoDriver.cpp.obj
                0x000000000800db34                ServoDriver::MoveFromS2()
 .text._ZN11ServoDriver8MoveToS3Ev
                0x000000000800dcb0      0x284 CMakeFiles/WoCaoSTM32.elf.dir/Core/Src/ServoDriver.cpp.obj
                0x000000000800dcb0                ServoDriver::MoveToS3()
 .text._ZN11ServoDriver10MoveFromS3Ev
                0x000000000800df34      0x17c CMakeFiles/WoCaoSTM32.elf.dir/Core/Src/ServoDriver.cpp.obj
                0x000000000800df34                ServoDriver::MoveFromS3()
 .text._ZN11ServoDriver9MoveToHL1Ev
                0x000000000800e0b0      0x228 CMakeFiles/WoCaoSTM32.elf.dir/Core/Src/ServoDriver.cpp.obj
                0x000000000800e0b0                ServoDriver::MoveToHL1()
 .text._ZN11ServoDriver11MoveFromHL1Ev
                0x000000000800e2d8      0x17c CMakeFiles/WoCaoSTM32.elf.dir/Core/Src/ServoDriver.cpp.obj
                0x000000000800e2d8                ServoDriver::MoveFromHL1()
 .text._ZN11ServoDriver9MoveToHL2Ev
                0x000000000800e454      0x220 CMakeFiles/WoCaoSTM32.elf.dir/Core/Src/ServoDriver.cpp.obj
                0x000000000800e454                ServoDriver::MoveToHL2()
 .text._ZN11ServoDriver11MoveFromHL2Ev
                0x000000000800e674      0x224 CMakeFiles/WoCaoSTM32.elf.dir/Core/Src/ServoDriver.cpp.obj
                0x000000000800e674                ServoDriver::MoveFromHL2()
 .text._ZN11ServoDriver9MoveToHM1Ev
                0x000000000800e898      0x228 CMakeFiles/WoCaoSTM32.elf.dir/Core/Src/ServoDriver.cpp.obj
                0x000000000800e898                ServoDriver::MoveToHM1()
 .text._ZN11ServoDriver11MoveFromHM1Ev
                0x000000000800eac0      0x17c CMakeFiles/WoCaoSTM32.elf.dir/Core/Src/ServoDriver.cpp.obj
                0x000000000800eac0                ServoDriver::MoveFromHM1()
 .text._ZN11ServoDriver9MoveToHM2Ev
                0x000000000800ec3c      0x224 CMakeFiles/WoCaoSTM32.elf.dir/Core/Src/ServoDriver.cpp.obj
                0x000000000800ec3c                ServoDriver::MoveToHM2()
 .text._ZN11ServoDriver11MoveFromHM2Ev
                0x000000000800ee60      0x224 CMakeFiles/WoCaoSTM32.elf.dir/Core/Src/ServoDriver.cpp.obj
                0x000000000800ee60                ServoDriver::MoveFromHM2()
 .text._ZN11ServoDriver9MoveToHR1Ev
                0x000000000800f084      0x228 CMakeFiles/WoCaoSTM32.elf.dir/Core/Src/ServoDriver.cpp.obj
                0x000000000800f084                ServoDriver::MoveToHR1()
 .text._ZN11ServoDriver11MoveFromHR1Ev
                0x000000000800f2ac      0x17c CMakeFiles/WoCaoSTM32.elf.dir/Core/Src/ServoDriver.cpp.obj
                0x000000000800f2ac                ServoDriver::MoveFromHR1()
 .text._ZN11ServoDriver9MoveToHR2Ev
                0x000000000800f428      0x224 CMakeFiles/WoCaoSTM32.elf.dir/Core/Src/ServoDriver.cpp.obj
                0x000000000800f428                ServoDriver::MoveToHR2()
 .text._ZN11ServoDriver11MoveFromHR2Ev
                0x000000000800f64c      0x224 CMakeFiles/WoCaoSTM32.elf.dir/Core/Src/ServoDriver.cpp.obj
                0x000000000800f64c                ServoDriver::MoveFromHR2()
 .text._ZN11ServoDriver8MoveToP1Ev
                0x000000000800f870      0x174 CMakeFiles/WoCaoSTM32.elf.dir/Core/Src/ServoDriver.cpp.obj
                0x000000000800f870                ServoDriver::MoveToP1()
 .text._ZN11ServoDriver8SpinToHLEv
                0x000000000800f9e4       0x60 CMakeFiles/WoCaoSTM32.elf.dir/Core/Src/ServoDriver.cpp.obj
                0x000000000800f9e4                ServoDriver::SpinToHL()
 .text._ZN11ServoDriver8SpinToHMEv
                0x000000000800fa44       0x6c CMakeFiles/WoCaoSTM32.elf.dir/Core/Src/ServoDriver.cpp.obj
                0x000000000800fa44                ServoDriver::SpinToHM()
 .text._ZN11ServoDriver8SpinToHREv
                0x000000000800fab0       0x6c CMakeFiles/WoCaoSTM32.elf.dir/Core/Src/ServoDriver.cpp.obj
                0x000000000800fab0                ServoDriver::SpinToHR()
 .text._ZN11ServoDriver18MoveLeftToFindLineEv
                0x000000000800fb1c      0x1e4 CMakeFiles/WoCaoSTM32.elf.dir/Core/Src/ServoDriver.cpp.obj
                0x000000000800fb1c                ServoDriver::MoveLeftToFindLine()
 .text._ZN11ServoDriver21MoveRightToFindCircleEv
                0x000000000800fd00      0x228 CMakeFiles/WoCaoSTM32.elf.dir/Core/Src/ServoDriver.cpp.obj
                0x000000000800fd00                ServoDriver::MoveRightToFindCircle()
 .text._ZN11ServoDriver21MoveRightToFindObjectEv
                0x000000000800ff28      0x1d4 CMakeFiles/WoCaoSTM32.elf.dir/Core/Src/ServoDriver.cpp.obj
                0x000000000800ff28                ServoDriver::MoveRightToFindObject()
 .text._ZN11ServoDriver21MoveRightToFindQrcodeEv
                0x00000000080100fc      0x27c CMakeFiles/WoCaoSTM32.elf.dir/Core/Src/ServoDriver.cpp.obj
                0x00000000080100fc                ServoDriver::MoveRightToFindQrcode()
 .text._ZN11ServoDriver25MoveFromRightToFindQrcodeEv
                0x0000000008010378      0x1d0 CMakeFiles/WoCaoSTM32.elf.dir/Core/Src/ServoDriver.cpp.obj
                0x0000000008010378                ServoDriver::MoveFromRightToFindQrcode()
 .text.ClearWheelDis
                0x0000000008010548       0x4c CMakeFiles/WoCaoSTM32.elf.dir/Core/Src/WheelPWM.cpp.obj
                0x0000000008010548                ClearWheelDis
 .text.GetWheelDis
                0x0000000008010594       0x44 CMakeFiles/WoCaoSTM32.elf.dir/Core/Src/WheelPWM.cpp.obj
                0x0000000008010594                GetWheelDis
 .text.GetWheelPID
                0x00000000080105d8       0x44 CMakeFiles/WoCaoSTM32.elf.dir/Core/Src/WheelPWM.cpp.obj
                0x00000000080105d8                GetWheelPID
 .text.SetWheelSpeed
                0x000000000801061c       0x5c CMakeFiles/WoCaoSTM32.elf.dir/Core/Src/WheelPWM.cpp.obj
                0x000000000801061c                SetWheelSpeed
 .text._Z16HandleABInteruptR8WheelPWM12WHEEL_AB_TAGi
                0x0000000008010678       0xac CMakeFiles/WoCaoSTM32.elf.dir/Core/Src/WheelPWM.cpp.obj
                0x0000000008010678                HandleABInterupt(WheelPWM&, WHEEL_AB_TAG, int)
 .text.HandleWheelInterupt
                0x0000000008010724       0xd8 CMakeFiles/WoCaoSTM32.elf.dir/Core/Src/WheelPWM.cpp.obj
                0x0000000008010724                HandleWheelInterupt
 .text.WheelTick
                0x00000000080107fc      0x2b8 CMakeFiles/WoCaoSTM32.elf.dir/Core/Src/WheelPWM.cpp.obj
                0x00000000080107fc                WheelTick
 .text.startup._GLOBAL__sub_I_wheelFrontLeft
                0x0000000008010ab4      0x10c CMakeFiles/WoCaoSTM32.elf.dir/Core/Src/WheelPWM.cpp.obj
 .text.SystemClock_Config
                0x0000000008010bc0       0xa8 CMakeFiles/WoCaoSTM32.elf.dir/Core/Src/main.c.obj
                0x0000000008010bc0                SystemClock_Config
 .text.startup.main
                0x0000000008010c68      0x48c CMakeFiles/WoCaoSTM32.elf.dir/Core/Src/main.c.obj
                0x0000000008010c68                main
 .text.HAL_MspInit
                0x00000000080110f4       0x38 CMakeFiles/WoCaoSTM32.elf.dir/Core/Src/stm32f4xx_hal_msp.c.obj
                0x00000000080110f4                HAL_MspInit
 .text.HAL_SPI_MspInit
                0x000000000801112c       0x6c CMakeFiles/WoCaoSTM32.elf.dir/Core/Src/stm32f4xx_hal_msp.c.obj
                0x000000000801112c                HAL_SPI_MspInit
 .text.HAL_TIM_Base_MspInit
                0x0000000008011198       0x70 CMakeFiles/WoCaoSTM32.elf.dir/Core/Src/stm32f4xx_hal_msp.c.obj
                0x0000000008011198                HAL_TIM_Base_MspInit
 .text.HAL_TIM_MspPostInit
                0x0000000008011208       0x5c CMakeFiles/WoCaoSTM32.elf.dir/Core/Src/stm32f4xx_hal_msp.c.obj
                0x0000000008011208                HAL_TIM_MspPostInit
 .text.HAL_UART_MspInit
                0x0000000008011264      0x240 CMakeFiles/WoCaoSTM32.elf.dir/Core/Src/stm32f4xx_hal_msp.c.obj
                0x0000000008011264                HAL_UART_MspInit
 .text.NMI_Handler
                0x00000000080114a4        0x4 CMakeFiles/WoCaoSTM32.elf.dir/Core/Src/stm32f4xx_it.c.obj
                0x00000000080114a4                NMI_Handler
 .text.HardFault_Handler
                0x00000000080114a8        0x4 CMakeFiles/WoCaoSTM32.elf.dir/Core/Src/stm32f4xx_it.c.obj
                0x00000000080114a8                HardFault_Handler
 .text.MemManage_Handler
                0x00000000080114ac        0x4 CMakeFiles/WoCaoSTM32.elf.dir/Core/Src/stm32f4xx_it.c.obj
                0x00000000080114ac                MemManage_Handler
 .text.BusFault_Handler
                0x00000000080114b0        0x4 CMakeFiles/WoCaoSTM32.elf.dir/Core/Src/stm32f4xx_it.c.obj
                0x00000000080114b0                BusFault_Handler
 .text.UsageFault_Handler
                0x00000000080114b4        0x4 CMakeFiles/WoCaoSTM32.elf.dir/Core/Src/stm32f4xx_it.c.obj
                0x00000000080114b4                UsageFault_Handler
 .text.SVC_Handler
                0x00000000080114b8        0x4 CMakeFiles/WoCaoSTM32.elf.dir/Core/Src/stm32f4xx_it.c.obj
                0x00000000080114b8                SVC_Handler
 .text.DebugMon_Handler
                0x00000000080114bc        0x4 CMakeFiles/WoCaoSTM32.elf.dir/Core/Src/stm32f4xx_it.c.obj
                0x00000000080114bc                DebugMon_Handler
 .text.PendSV_Handler
                0x00000000080114c0        0x4 CMakeFiles/WoCaoSTM32.elf.dir/Core/Src/stm32f4xx_it.c.obj
                0x00000000080114c0                PendSV_Handler
 .text.SysTick_Handler
                0x00000000080114c4        0x4 CMakeFiles/WoCaoSTM32.elf.dir/Core/Src/stm32f4xx_it.c.obj
                0x00000000080114c4                SysTick_Handler
 .text.EXTI3_IRQHandler
                0x00000000080114c8        0x8 CMakeFiles/WoCaoSTM32.elf.dir/Core/Src/stm32f4xx_it.c.obj
                0x00000000080114c8                EXTI3_IRQHandler
 .text.EXTI4_IRQHandler
                0x00000000080114d0        0x8 CMakeFiles/WoCaoSTM32.elf.dir/Core/Src/stm32f4xx_it.c.obj
                0x00000000080114d0                EXTI4_IRQHandler
 .text.EXTI9_5_IRQHandler
                0x00000000080114d8       0x18 CMakeFiles/WoCaoSTM32.elf.dir/Core/Src/stm32f4xx_it.c.obj
                0x00000000080114d8                EXTI9_5_IRQHandler
 .text.USART1_IRQHandler
                0x00000000080114f0        0xc CMakeFiles/WoCaoSTM32.elf.dir/Core/Src/stm32f4xx_it.c.obj
                0x00000000080114f0                USART1_IRQHandler
 .text.USART2_IRQHandler
                0x00000000080114fc        0xc CMakeFiles/WoCaoSTM32.elf.dir/Core/Src/stm32f4xx_it.c.obj
                0x00000000080114fc                USART2_IRQHandler
 .text.USART3_IRQHandler
                0x0000000008011508        0xc CMakeFiles/WoCaoSTM32.elf.dir/Core/Src/stm32f4xx_it.c.obj
                0x0000000008011508                USART3_IRQHandler
 .text.EXTI15_10_IRQHandler
                0x0000000008011514       0x20 CMakeFiles/WoCaoSTM32.elf.dir/Core/Src/stm32f4xx_it.c.obj
                0x0000000008011514                EXTI15_10_IRQHandler
 .text.UART4_IRQHandler
                0x0000000008011534        0xc CMakeFiles/WoCaoSTM32.elf.dir/Core/Src/stm32f4xx_it.c.obj
                0x0000000008011534                UART4_IRQHandler
 .text.UART5_IRQHandler
                0x0000000008011540        0xc CMakeFiles/WoCaoSTM32.elf.dir/Core/Src/stm32f4xx_it.c.obj
                0x0000000008011540                UART5_IRQHandler
 .text.TIM6_DAC_IRQHandler
                0x000000000801154c        0xc CMakeFiles/WoCaoSTM32.elf.dir/Core/Src/stm32f4xx_it.c.obj
                0x000000000801154c                TIM6_DAC_IRQHandler
 .text._getpid  0x0000000008011558        0x4 CMakeFiles/WoCaoSTM32.elf.dir/Core/Src/syscalls.c.obj
                0x0000000008011558                _getpid
 .text._kill    0x000000000801155c       0x10 CMakeFiles/WoCaoSTM32.elf.dir/Core/Src/syscalls.c.obj
                0x000000000801155c                _kill
 .text._exit    0x000000000801156c        0xc CMakeFiles/WoCaoSTM32.elf.dir/Core/Src/syscalls.c.obj
                0x000000000801156c                _exit
 .text._read    0x0000000008011578       0x1c CMakeFiles/WoCaoSTM32.elf.dir/Core/Src/syscalls.c.obj
                0x0000000008011578                _read
 .text._write   0x0000000008011594       0x1c CMakeFiles/WoCaoSTM32.elf.dir/Core/Src/syscalls.c.obj
                0x0000000008011594                _write
 .text._close   0x00000000080115b0        0x8 CMakeFiles/WoCaoSTM32.elf.dir/Core/Src/syscalls.c.obj
                0x00000000080115b0                _close
 .text._fstat   0x00000000080115b8        0xc CMakeFiles/WoCaoSTM32.elf.dir/Core/Src/syscalls.c.obj
                0x00000000080115b8                _fstat
 .text._isatty  0x00000000080115c4        0x4 CMakeFiles/WoCaoSTM32.elf.dir/Core/Src/syscalls.c.obj
                0x00000000080115c4                _isatty
 .text._lseek   0x00000000080115c8        0x4 CMakeFiles/WoCaoSTM32.elf.dir/Core/Src/syscalls.c.obj
                0x00000000080115c8                _lseek
 .text._sbrk    0x00000000080115cc       0x44 CMakeFiles/WoCaoSTM32.elf.dir/Core/Src/sysmem.c.obj
                0x00000000080115cc                _sbrk
 .text.SystemInit
                0x0000000008011610        0x4 CMakeFiles/WoCaoSTM32.elf.dir/Core/Src/system_stm32f4xx.c.obj
                0x0000000008011610                SystemInit
 .text.Reset_Handler
                0x0000000008011614       0x50 CMakeFiles/WoCaoSTM32.elf.dir/Core/Startup/startup_stm32f407zgtx.s.obj
                0x0000000008011614                Reset_Handler
 .text.Default_Handler
                0x0000000008011664        0x2 CMakeFiles/WoCaoSTM32.elf.dir/Core/Startup/startup_stm32f407zgtx.s.obj
                0x0000000008011664                DMA1_Stream3_IRQHandler
                0x0000000008011664                HASH_RNG_IRQHandler
                0x0000000008011664                EXTI2_IRQHandler
                0x0000000008011664                TIM8_CC_IRQHandler
                0x0000000008011664                TIM1_CC_IRQHandler
                0x0000000008011664                DMA2_Stream5_IRQHandler
                0x0000000008011664                DMA1_Stream5_IRQHandler
                0x0000000008011664                PVD_IRQHandler
                0x0000000008011664                SDIO_IRQHandler
                0x0000000008011664                TAMP_STAMP_IRQHandler
                0x0000000008011664                CAN2_RX1_IRQHandler
                0x0000000008011664                TIM8_TRG_COM_TIM14_IRQHandler
                0x0000000008011664                TIM1_UP_TIM10_IRQHandler
                0x0000000008011664                TIM8_UP_TIM13_IRQHandler
                0x0000000008011664                I2C3_ER_IRQHandler
                0x0000000008011664                EXTI0_IRQHandler
                0x0000000008011664                I2C2_EV_IRQHandler
                0x0000000008011664                DMA1_Stream2_IRQHandler
                0x0000000008011664                CAN1_RX0_IRQHandler
                0x0000000008011664                FPU_IRQHandler
                0x0000000008011664                OTG_HS_WKUP_IRQHandler
                0x0000000008011664                CAN2_SCE_IRQHandler
                0x0000000008011664                DMA2_Stream2_IRQHandler
                0x0000000008011664                SPI1_IRQHandler
                0x0000000008011664                TIM1_BRK_TIM9_IRQHandler
                0x0000000008011664                DCMI_IRQHandler
                0x0000000008011664                CAN2_RX0_IRQHandler
                0x0000000008011664                DMA2_Stream3_IRQHandler
                0x0000000008011664                USART6_IRQHandler
                0x0000000008011664                CAN1_RX1_IRQHandler
                0x0000000008011664                DMA2_Stream0_IRQHandler
                0x0000000008011664                TIM4_IRQHandler
                0x0000000008011664                I2C1_EV_IRQHandler
                0x0000000008011664                DMA1_Stream6_IRQHandler
                0x0000000008011664                DMA1_Stream1_IRQHandler
                0x0000000008011664                TIM3_IRQHandler
                0x0000000008011664                RCC_IRQHandler
                0x0000000008011664                TIM8_BRK_TIM12_IRQHandler
                0x0000000008011664                Default_Handler
                0x0000000008011664                ADC_IRQHandler
                0x0000000008011664                DMA1_Stream7_IRQHandler
                0x0000000008011664                TIM7_IRQHandler
                0x0000000008011664                CAN2_TX_IRQHandler
                0x0000000008011664                TIM5_IRQHandler
                0x0000000008011664                DMA2_Stream7_IRQHandler
                0x0000000008011664                I2C3_EV_IRQHandler
                0x0000000008011664                RTC_WKUP_IRQHandler
                0x0000000008011664                ETH_WKUP_IRQHandler
                0x0000000008011664                SPI2_IRQHandler
                0x0000000008011664                OTG_HS_EP1_IN_IRQHandler
                0x0000000008011664                DMA1_Stream0_IRQHandler
                0x0000000008011664                CAN1_TX_IRQHandler
                0x0000000008011664                FSMC_IRQHandler
                0x0000000008011664                ETH_IRQHandler
                0x0000000008011664                OTG_HS_EP1_OUT_IRQHandler
                0x0000000008011664                WWDG_IRQHandler
                0x0000000008011664                TIM2_IRQHandler
                0x0000000008011664                OTG_FS_WKUP_IRQHandler
                0x0000000008011664                TIM1_TRG_COM_TIM11_IRQHandler
                0x0000000008011664                OTG_HS_IRQHandler
                0x0000000008011664                EXTI1_IRQHandler
                0x0000000008011664                I2C2_ER_IRQHandler
                0x0000000008011664                DMA2_Stream1_IRQHandler
                0x0000000008011664                CAN1_SCE_IRQHandler
                0x0000000008011664                FLASH_IRQHandler
                0x0000000008011664                DMA2_Stream4_IRQHandler
                0x0000000008011664                OTG_FS_IRQHandler
                0x0000000008011664                SPI3_IRQHandler
                0x0000000008011664                DMA1_Stream4_IRQHandler
                0x0000000008011664                I2C1_ER_IRQHandler
                0x0000000008011664                DMA2_Stream6_IRQHandler
                0x0000000008011664                RTC_Alarm_IRQHandler
 *fill*         0x0000000008011666        0x2 
 .text.HAL_InitTick
                0x0000000008011668       0x48 CMakeFiles/WoCaoSTM32.elf.dir/Drivers/STM32F4xx_HAL_Driver/Src/stm32f4xx_hal.c.obj
                0x0000000008011668                HAL_InitTick
 .text.HAL_Init
                0x00000000080116b0       0x34 CMakeFiles/WoCaoSTM32.elf.dir/Drivers/STM32F4xx_HAL_Driver/Src/stm32f4xx_hal.c.obj
                0x00000000080116b0                HAL_Init
 .text.HAL_IncTick
                0x00000000080116e4       0x18 CMakeFiles/WoCaoSTM32.elf.dir/Drivers/STM32F4xx_HAL_Driver/Src/stm32f4xx_hal.c.obj
                0x00000000080116e4                HAL_IncTick
 .text.HAL_GetTick
                0x00000000080116fc        0xc CMakeFiles/WoCaoSTM32.elf.dir/Drivers/STM32F4xx_HAL_Driver/Src/stm32f4xx_hal.c.obj
                0x00000000080116fc                HAL_GetTick
 .text.HAL_Delay
                0x0000000008011708       0x24 CMakeFiles/WoCaoSTM32.elf.dir/Drivers/STM32F4xx_HAL_Driver/Src/stm32f4xx_hal.c.obj
                0x0000000008011708                HAL_Delay
 .text.HAL_NVIC_SetPriorityGrouping
                0x000000000801172c       0x24 CMakeFiles/WoCaoSTM32.elf.dir/Drivers/STM32F4xx_HAL_Driver/Src/stm32f4xx_hal_cortex.c.obj
                0x000000000801172c                HAL_NVIC_SetPriorityGrouping
 .text.HAL_NVIC_SetPriority
                0x0000000008011750       0x7c CMakeFiles/WoCaoSTM32.elf.dir/Drivers/STM32F4xx_HAL_Driver/Src/stm32f4xx_hal_cortex.c.obj
                0x0000000008011750                HAL_NVIC_SetPriority
 .text.HAL_NVIC_EnableIRQ
                0x00000000080117cc       0x1c CMakeFiles/WoCaoSTM32.elf.dir/Drivers/STM32F4xx_HAL_Driver/Src/stm32f4xx_hal_cortex.c.obj
                0x00000000080117cc                HAL_NVIC_EnableIRQ
 .text.HAL_SYSTICK_Config
                0x00000000080117e8       0x30 CMakeFiles/WoCaoSTM32.elf.dir/Drivers/STM32F4xx_HAL_Driver/Src/stm32f4xx_hal_cortex.c.obj
                0x00000000080117e8                HAL_SYSTICK_Config
 .text.HAL_DMA_Abort
                0x0000000008011818       0x90 CMakeFiles/WoCaoSTM32.elf.dir/Drivers/STM32F4xx_HAL_Driver/Src/stm32f4xx_hal_dma.c.obj
                0x0000000008011818                HAL_DMA_Abort
 .text.HAL_DMA_Abort_IT
                0x00000000080118a8       0x24 CMakeFiles/WoCaoSTM32.elf.dir/Drivers/STM32F4xx_HAL_Driver/Src/stm32f4xx_hal_dma.c.obj
                0x00000000080118a8                HAL_DMA_Abort_IT
 .text.HAL_GPIO_Init
                0x00000000080118cc      0x23c CMakeFiles/WoCaoSTM32.elf.dir/Drivers/STM32F4xx_HAL_Driver/Src/stm32f4xx_hal_gpio.c.obj
                0x00000000080118cc                HAL_GPIO_Init
 .text.HAL_GPIO_ReadPin
                0x0000000008011b08        0xc CMakeFiles/WoCaoSTM32.elf.dir/Drivers/STM32F4xx_HAL_Driver/Src/stm32f4xx_hal_gpio.c.obj
                0x0000000008011b08                HAL_GPIO_ReadPin
 .text.HAL_GPIO_WritePin
                0x0000000008011b14        0x8 CMakeFiles/WoCaoSTM32.elf.dir/Drivers/STM32F4xx_HAL_Driver/Src/stm32f4xx_hal_gpio.c.obj
                0x0000000008011b14                HAL_GPIO_WritePin
 .text.HAL_GPIO_TogglePin
                0x0000000008011b1c       0x14 CMakeFiles/WoCaoSTM32.elf.dir/Drivers/STM32F4xx_HAL_Driver/Src/stm32f4xx_hal_gpio.c.obj
                0x0000000008011b1c                HAL_GPIO_TogglePin
 .text.HAL_GPIO_EXTI_IRQHandler
                0x0000000008011b30       0x18 CMakeFiles/WoCaoSTM32.elf.dir/Drivers/STM32F4xx_HAL_Driver/Src/stm32f4xx_hal_gpio.c.obj
                0x0000000008011b30                HAL_GPIO_EXTI_IRQHandler
 .text.HAL_RCC_OscConfig
                0x0000000008011b48      0x3c8 CMakeFiles/WoCaoSTM32.elf.dir/Drivers/STM32F4xx_HAL_Driver/Src/stm32f4xx_hal_rcc.c.obj
                0x0000000008011b48                HAL_RCC_OscConfig
 .text.HAL_RCC_GetSysClockFreq
                0x0000000008011f10       0x68 CMakeFiles/WoCaoSTM32.elf.dir/Drivers/STM32F4xx_HAL_Driver/Src/stm32f4xx_hal_rcc.c.obj
                0x0000000008011f10                HAL_RCC_GetSysClockFreq
 .text.HAL_RCC_ClockConfig
                0x0000000008011f78      0x13c CMakeFiles/WoCaoSTM32.elf.dir/Drivers/STM32F4xx_HAL_Driver/Src/stm32f4xx_hal_rcc.c.obj
                0x0000000008011f78                HAL_RCC_ClockConfig
 .text.HAL_RCC_GetPCLK1Freq
                0x00000000080120b4       0x20 CMakeFiles/WoCaoSTM32.elf.dir/Drivers/STM32F4xx_HAL_Driver/Src/stm32f4xx_hal_rcc.c.obj
                0x00000000080120b4                HAL_RCC_GetPCLK1Freq
 .text.HAL_RCC_GetPCLK2Freq
                0x00000000080120d4       0x20 CMakeFiles/WoCaoSTM32.elf.dir/Drivers/STM32F4xx_HAL_Driver/Src/stm32f4xx_hal_rcc.c.obj
                0x00000000080120d4                HAL_RCC_GetPCLK2Freq
 .text.SPI_WaitFlagStateUntilTimeout.constprop.0
                0x00000000080120f4       0xc0 CMakeFiles/WoCaoSTM32.elf.dir/Drivers/STM32F4xx_HAL_Driver/Src/stm32f4xx_hal_spi.c.obj
 .text.HAL_SPI_Init
                0x00000000080121b4       0xc4 CMakeFiles/WoCaoSTM32.elf.dir/Drivers/STM32F4xx_HAL_Driver/Src/stm32f4xx_hal_spi.c.obj
                0x00000000080121b4                HAL_SPI_Init
 .text.HAL_SPI_Transmit
                0x0000000008012278      0x2a4 CMakeFiles/WoCaoSTM32.elf.dir/Drivers/STM32F4xx_HAL_Driver/Src/stm32f4xx_hal_spi.c.obj
                0x0000000008012278                HAL_SPI_Transmit
 .text.HAL_TIM_Base_Init
                0x000000000801251c      0x11c CMakeFiles/WoCaoSTM32.elf.dir/Drivers/STM32F4xx_HAL_Driver/Src/stm32f4xx_hal_tim.c.obj
                0x000000000801251c                HAL_TIM_Base_Init
 .text.HAL_TIM_Base_Start_IT
                0x0000000008012638       0x78 CMakeFiles/WoCaoSTM32.elf.dir/Drivers/STM32F4xx_HAL_Driver/Src/stm32f4xx_hal_tim.c.obj
                0x0000000008012638                HAL_TIM_Base_Start_IT
 .text.HAL_TIM_PWM_MspInit
                0x00000000080126b0        0x4 CMakeFiles/WoCaoSTM32.elf.dir/Drivers/STM32F4xx_HAL_Driver/Src/stm32f4xx_hal_tim.c.obj
                0x00000000080126b0                HAL_TIM_PWM_MspInit
 .text.HAL_TIM_PWM_Init
                0x00000000080126b4      0x11c CMakeFiles/WoCaoSTM32.elf.dir/Drivers/STM32F4xx_HAL_Driver/Src/stm32f4xx_hal_tim.c.obj
                0x00000000080126b4                HAL_TIM_PWM_Init
 .text.HAL_TIM_PWM_Start
                0x00000000080127d0       0xe4 CMakeFiles/WoCaoSTM32.elf.dir/Drivers/STM32F4xx_HAL_Driver/Src/stm32f4xx_hal_tim.c.obj
                0x00000000080127d0                HAL_TIM_PWM_Start
 .text.HAL_TIM_PWM_ConfigChannel
                0x00000000080128b4      0x220 CMakeFiles/WoCaoSTM32.elf.dir/Drivers/STM32F4xx_HAL_Driver/Src/stm32f4xx_hal_tim.c.obj
                0x00000000080128b4                HAL_TIM_PWM_ConfigChannel
 .text.HAL_TIM_ConfigClockSource
                0x0000000008012ad4      0x160 CMakeFiles/WoCaoSTM32.elf.dir/Drivers/STM32F4xx_HAL_Driver/Src/stm32f4xx_hal_tim.c.obj
                0x0000000008012ad4                HAL_TIM_ConfigClockSource
 .text.HAL_TIM_OC_DelayElapsedCallback
                0x0000000008012c34        0x4 CMakeFiles/WoCaoSTM32.elf.dir/Drivers/STM32F4xx_HAL_Driver/Src/stm32f4xx_hal_tim.c.obj
                0x0000000008012c34                HAL_TIM_OC_DelayElapsedCallback
 .text.HAL_TIM_IC_CaptureCallback
                0x0000000008012c38        0x4 CMakeFiles/WoCaoSTM32.elf.dir/Drivers/STM32F4xx_HAL_Driver/Src/stm32f4xx_hal_tim.c.obj
                0x0000000008012c38                HAL_TIM_IC_CaptureCallback
 .text.HAL_TIM_PWM_PulseFinishedCallback
                0x0000000008012c3c        0x4 CMakeFiles/WoCaoSTM32.elf.dir/Drivers/STM32F4xx_HAL_Driver/Src/stm32f4xx_hal_tim.c.obj
                0x0000000008012c3c                HAL_TIM_PWM_PulseFinishedCallback
 .text.HAL_TIM_TriggerCallback
                0x0000000008012c40        0x4 CMakeFiles/WoCaoSTM32.elf.dir/Drivers/STM32F4xx_HAL_Driver/Src/stm32f4xx_hal_tim.c.obj
                0x0000000008012c40                HAL_TIM_TriggerCallback
 .text.HAL_TIM_IRQHandler
                0x0000000008012c44      0x154 CMakeFiles/WoCaoSTM32.elf.dir/Drivers/STM32F4xx_HAL_Driver/Src/stm32f4xx_hal_tim.c.obj
                0x0000000008012c44                HAL_TIM_IRQHandler
 .text.HAL_TIMEx_MasterConfigSynchronization
                0x0000000008012d98       0x80 CMakeFiles/WoCaoSTM32.elf.dir/Drivers/STM32F4xx_HAL_Driver/Src/stm32f4xx_hal_tim_ex.c.obj
                0x0000000008012d98                HAL_TIMEx_MasterConfigSynchronization
 .text.HAL_TIMEx_ConfigBreakDeadTime
                0x0000000008012e18       0x54 CMakeFiles/WoCaoSTM32.elf.dir/Drivers/STM32F4xx_HAL_Driver/Src/stm32f4xx_hal_tim_ex.c.obj
                0x0000000008012e18                HAL_TIMEx_ConfigBreakDeadTime
 .text.HAL_TIMEx_CommutCallback
                0x0000000008012e6c        0x4 CMakeFiles/WoCaoSTM32.elf.dir/Drivers/STM32F4xx_HAL_Driver/Src/stm32f4xx_hal_tim_ex.c.obj
                0x0000000008012e6c                HAL_TIMEx_CommutCallback
 .text.HAL_TIMEx_BreakCallback
                0x0000000008012e70        0x4 CMakeFiles/WoCaoSTM32.elf.dir/Drivers/STM32F4xx_HAL_Driver/Src/stm32f4xx_hal_tim_ex.c.obj
                0x0000000008012e70                HAL_TIMEx_BreakCallback
 .text.HAL_UART_Init
                0x0000000008012e74      0x134 CMakeFiles/WoCaoSTM32.elf.dir/Drivers/STM32F4xx_HAL_Driver/Src/stm32f4xx_hal_uart.c.obj
                0x0000000008012e74                HAL_UART_Init
 .text.HAL_UART_Transmit
                0x0000000008012fa8      0x15c CMakeFiles/WoCaoSTM32.elf.dir/Drivers/STM32F4xx_HAL_Driver/Src/stm32f4xx_hal_uart.c.obj
                0x0000000008012fa8                HAL_UART_Transmit
 .text.HAL_UART_Receive_IT
                0x0000000008013104       0x54 CMakeFiles/WoCaoSTM32.elf.dir/Drivers/STM32F4xx_HAL_Driver/Src/stm32f4xx_hal_uart.c.obj
                0x0000000008013104                HAL_UART_Receive_IT
 .text.HAL_UART_TxCpltCallback
                0x0000000008013158        0x4 CMakeFiles/WoCaoSTM32.elf.dir/Drivers/STM32F4xx_HAL_Driver/Src/stm32f4xx_hal_uart.c.obj
                0x0000000008013158                HAL_UART_TxCpltCallback
 .text.HAL_UART_ErrorCallback
                0x000000000801315c        0x4 CMakeFiles/WoCaoSTM32.elf.dir/Drivers/STM32F4xx_HAL_Driver/Src/stm32f4xx_hal_uart.c.obj
                0x000000000801315c                HAL_UART_ErrorCallback
 .text.UART_DMAAbortOnError
                0x0000000008013160       0x10 CMakeFiles/WoCaoSTM32.elf.dir/Drivers/STM32F4xx_HAL_Driver/Src/stm32f4xx_hal_uart.c.obj
 .text.HAL_UARTEx_RxEventCallback
                0x0000000008013170        0x4 CMakeFiles/WoCaoSTM32.elf.dir/Drivers/STM32F4xx_HAL_Driver/Src/stm32f4xx_hal_uart.c.obj
                0x0000000008013170                HAL_UARTEx_RxEventCallback
 .text.UART_Receive_IT.part.0.isra.0
                0x0000000008013174       0xcc CMakeFiles/WoCaoSTM32.elf.dir/Drivers/STM32F4xx_HAL_Driver/Src/stm32f4xx_hal_uart.c.obj
 .text.HAL_UART_IRQHandler
                0x0000000008013240      0x314 CMakeFiles/WoCaoSTM32.elf.dir/Drivers/STM32F4xx_HAL_Driver/Src/stm32f4xx_hal_uart.c.obj
                0x0000000008013240                HAL_UART_IRQHandler
 .text._ZdlPvj  0x0000000008013554        0x4 /Applications/ARM/bin/../lib/gcc/arm-none-eabi/10.3.1/../../../../arm-none-eabi/lib/thumb/v7e-m/nofp/libstdc++.a(del_ops.o)
                0x0000000008013554                operator delete(void*, unsigned int)
 .text.__cxa_end_cleanup
                0x0000000008013558        0xc /Applications/ARM/bin/../lib/gcc/arm-none-eabi/10.3.1/../../../../arm-none-eabi/lib/thumb/v7e-m/nofp/libstdc++.a(eh_arm.o)
                0x0000000008013558                __cxa_end_cleanup
 .text.__cxa_type_match
                0x0000000008013564       0xb4 /Applications/ARM/bin/../lib/gcc/arm-none-eabi/10.3.1/../../../../arm-none-eabi/lib/thumb/v7e-m/nofp/libstdc++.a(eh_arm.o)
                0x0000000008013564                __cxa_type_match
 .text.__cxa_begin_cleanup
                0x0000000008013618       0x64 /Applications/ARM/bin/../lib/gcc/arm-none-eabi/10.3.1/../../../../arm-none-eabi/lib/thumb/v7e-m/nofp/libstdc++.a(eh_arm.o)
                0x0000000008013618                __cxa_begin_cleanup
 .text.__gnu_end_cleanup
                0x000000000801367c       0x70 /Applications/ARM/bin/../lib/gcc/arm-none-eabi/10.3.1/../../../../arm-none-eabi/lib/thumb/v7e-m/nofp/libstdc++.a(eh_arm.o)
                0x000000000801367c                __gnu_end_cleanup
 .text._ZNSt9exceptionD2Ev
                0x00000000080136ec        0x4 /Applications/ARM/bin/../lib/gcc/arm-none-eabi/10.3.1/../../../../arm-none-eabi/lib/thumb/v7e-m/nofp/libstdc++.a(eh_exception.o)
                0x00000000080136ec                std::exception::~exception()
                0x00000000080136ec                std::exception::~exception()
 .text._ZNSt13bad_exceptionD2Ev
                0x00000000080136f0        0x4 /Applications/ARM/bin/../lib/gcc/arm-none-eabi/10.3.1/../../../../arm-none-eabi/lib/thumb/v7e-m/nofp/libstdc++.a(eh_exception.o)
                0x00000000080136f0                std::bad_exception::~bad_exception()
                0x00000000080136f0                std::bad_exception::~bad_exception()
 .text._ZNKSt13bad_exception4whatEv
                0x00000000080136f4        0x8 /Applications/ARM/bin/../lib/gcc/arm-none-eabi/10.3.1/../../../../arm-none-eabi/lib/thumb/v7e-m/nofp/libstdc++.a(eh_exception.o)
                0x00000000080136f4                transaction clone for std::bad_exception::what() const
                0x00000000080136f4                std::bad_exception::what() const
 .text._ZNSt13bad_exceptionD0Ev
                0x00000000080136fc       0x10 /Applications/ARM/bin/../lib/gcc/arm-none-eabi/10.3.1/../../../../arm-none-eabi/lib/thumb/v7e-m/nofp/libstdc++.a(eh_exception.o)
                0x00000000080136fc                std::bad_exception::~bad_exception()
 .text.__cxa_get_globals_fast
                0x000000000801370c        0x8 /Applications/ARM/bin/../lib/gcc/arm-none-eabi/10.3.1/../../../../arm-none-eabi/lib/thumb/v7e-m/nofp/libstdc++.a(eh_globals.o)
                0x000000000801370c                __cxa_get_globals_fast
 .text.__cxa_get_globals
                0x0000000008013714        0x8 /Applications/ARM/bin/../lib/gcc/arm-none-eabi/10.3.1/../../../../arm-none-eabi/lib/thumb/v7e-m/nofp/libstdc++.a(eh_globals.o)
                0x0000000008013714                __cxa_get_globals
 .text._ZL28read_encoded_value_with_basehjPKhPj
                0x000000000801371c       0xc0 /Applications/ARM/bin/../lib/gcc/arm-none-eabi/10.3.1/../../../../arm-none-eabi/lib/thumb/v7e-m/nofp/libstdc++.a(eh_personality.o)
 .text._ZL21base_of_encoded_valuehP15_Unwind_Context
                0x00000000080137dc       0x48 /Applications/ARM/bin/../lib/gcc/arm-none-eabi/10.3.1/../../../../arm-none-eabi/lib/thumb/v7e-m/nofp/libstdc++.a(eh_personality.o)
 .text._ZL17parse_lsda_headerP15_Unwind_ContextPKhP16lsda_header_info
                0x0000000008013824       0x94 /Applications/ARM/bin/../lib/gcc/arm-none-eabi/10.3.1/../../../../arm-none-eabi/lib/thumb/v7e-m/nofp/libstdc++.a(eh_personality.o)
 .text.__gxx_personality_v0
                0x00000000080138b8      0x4a8 /Applications/ARM/bin/../lib/gcc/arm-none-eabi/10.3.1/../../../../arm-none-eabi/lib/thumb/v7e-m/nofp/libstdc++.a(eh_personality.o)
                0x00000000080138b8                __gxx_personality_v0
 .text._ZN10__cxxabiv111__terminateEPFvvE
                0x0000000008013d60       0x28 /Applications/ARM/bin/../lib/gcc/arm-none-eabi/10.3.1/../../../../arm-none-eabi/lib/thumb/v7e-m/nofp/libstdc++.a(eh_terminate.o)
                0x0000000008013d60                __cxxabiv1::__terminate(void (*)())
 .text._ZSt9terminatev
                0x0000000008013d88       0x14 /Applications/ARM/bin/../lib/gcc/arm-none-eabi/10.3.1/../../../../arm-none-eabi/lib/thumb/v7e-m/nofp/libstdc++.a(eh_terminate.o)
                0x0000000008013d88                std::terminate()
 .text._ZN10__cxxabiv112__unexpectedEPFvvE
                0x0000000008013d9c        0x8 /Applications/ARM/bin/../lib/gcc/arm-none-eabi/10.3.1/../../../../arm-none-eabi/lib/thumb/v7e-m/nofp/libstdc++.a(eh_terminate.o)
                0x0000000008013d9c                __cxxabiv1::__unexpected(void (*)())
 .text._ZSt10unexpectedv
                0x0000000008013da4       0x14 /Applications/ARM/bin/../lib/gcc/arm-none-eabi/10.3.1/../../../../arm-none-eabi/lib/thumb/v7e-m/nofp/libstdc++.a(eh_terminate.o)
                0x0000000008013da4                std::unexpected()
 .text._ZSt13get_terminatev
                0x0000000008013db8       0x10 /Applications/ARM/bin/../lib/gcc/arm-none-eabi/10.3.1/../../../../arm-none-eabi/lib/thumb/v7e-m/nofp/libstdc++.a(eh_terminate.o)
                0x0000000008013db8                std::get_terminate()
 .text._ZSt14get_unexpectedv
                0x0000000008013dc8       0x10 /Applications/ARM/bin/../lib/gcc/arm-none-eabi/10.3.1/../../../../arm-none-eabi/lib/thumb/v7e-m/nofp/libstdc++.a(eh_terminate.o)
                0x0000000008013dc8                std::get_unexpected()
 .text._Znwj    0x0000000008013dd8       0x3c /Applications/ARM/bin/../lib/gcc/arm-none-eabi/10.3.1/../../../../arm-none-eabi/lib/thumb/v7e-m/nofp/libstdc++.a(new_op.o)
                0x0000000008013dd8                operator new(unsigned int)
 .text._ZN10__cxxabiv120__si_class_type_infoD2Ev
                0x0000000008013e14       0x14 /Applications/ARM/bin/../lib/gcc/arm-none-eabi/10.3.1/../../../../arm-none-eabi/lib/thumb/v7e-m/nofp/libstdc++.a(si_class_type_info.o)
                0x0000000008013e14                __cxxabiv1::__si_class_type_info::~__si_class_type_info()
                0x0000000008013e14                __cxxabiv1::__si_class_type_info::~__si_class_type_info()
 .text._ZN10__cxxabiv120__si_class_type_infoD0Ev
                0x0000000008013e28       0x1c /Applications/ARM/bin/../lib/gcc/arm-none-eabi/10.3.1/../../../../arm-none-eabi/lib/thumb/v7e-m/nofp/libstdc++.a(si_class_type_info.o)
                0x0000000008013e28                __cxxabiv1::__si_class_type_info::~__si_class_type_info()
 .text._ZNK10__cxxabiv120__si_class_type_info20__do_find_public_srcEiPKvPKNS_17__class_type_infoES2_
                0x0000000008013e44       0x3c /Applications/ARM/bin/../lib/gcc/arm-none-eabi/10.3.1/../../../../arm-none-eabi/lib/thumb/v7e-m/nofp/libstdc++.a(si_class_type_info.o)
                0x0000000008013e44                __cxxabiv1::__si_class_type_info::__do_find_public_src(int, void const*, __cxxabiv1::__class_type_info const*, void const*) const
 .text._ZNK10__cxxabiv120__si_class_type_info12__do_dyncastEiNS_17__class_type_info10__sub_kindEPKS1_PKvS4_S6_RNS1_16__dyncast_resultE
                0x0000000008013e80       0x84 /Applications/ARM/bin/../lib/gcc/arm-none-eabi/10.3.1/../../../../arm-none-eabi/lib/thumb/v7e-m/nofp/libstdc++.a(si_class_type_info.o)
                0x0000000008013e80                __cxxabiv1::__si_class_type_info::__do_dyncast(int, __cxxabiv1::__class_type_info::__sub_kind, __cxxabiv1::__class_type_info const*, void const*, __cxxabiv1::__class_type_info const*, void const*, __cxxabiv1::__class_type_info::__dyncast_result&) const
 .text._ZNK10__cxxabiv120__si_class_type_info11__do_upcastEPKNS_17__class_type_infoEPKvRNS1_15__upcast_resultE
                0x0000000008013f04       0x2c /Applications/ARM/bin/../lib/gcc/arm-none-eabi/10.3.1/../../../../arm-none-eabi/lib/thumb/v7e-m/nofp/libstdc++.a(si_class_type_info.o)
                0x0000000008013f04                __cxxabiv1::__si_class_type_info::__do_upcast(__cxxabiv1::__class_type_info const*, void const*, __cxxabiv1::__class_type_info::__upcast_result&) const
 .text._ZNSt9type_infoD2Ev
                0x0000000008013f30        0x4 /Applications/ARM/bin/../lib/gcc/arm-none-eabi/10.3.1/../../../../arm-none-eabi/lib/thumb/v7e-m/nofp/libstdc++.a(tinfo.o)
                0x0000000008013f30                std::type_info::~type_info()
                0x0000000008013f30                std::type_info::~type_info()
 .text._ZNKSt9type_info14__is_pointer_pEv
                0x0000000008013f34        0x4 /Applications/ARM/bin/../lib/gcc/arm-none-eabi/10.3.1/../../../../arm-none-eabi/lib/thumb/v7e-m/nofp/libstdc++.a(tinfo.o)
                0x0000000008013f34                std::type_info::__is_function_p() const
                0x0000000008013f34                std::type_info::__is_pointer_p() const
 .text._ZNKSt9type_infoeqERKS_
                0x0000000008013f38       0x2c /Applications/ARM/bin/../lib/gcc/arm-none-eabi/10.3.1/../../../../arm-none-eabi/lib/thumb/v7e-m/nofp/libstdc++.a(tinfo.o)
                0x0000000008013f38                std::type_info::operator==(std::type_info const&) const
 .text._ZN9__gnu_cxx27__verbose_terminate_handlerEv
                0x0000000008013f64      0x10c /Applications/ARM/bin/../lib/gcc/arm-none-eabi/10.3.1/../../../../arm-none-eabi/lib/thumb/v7e-m/nofp/libstdc++.a(vterminate.o)
                0x0000000008013f64                __gnu_cxx::__verbose_terminate_handler()
 .text.unlikely._ZSt17__throw_bad_allocv
                0x0000000008014070       0x20 /Applications/ARM/bin/../lib/gcc/arm-none-eabi/10.3.1/../../../../arm-none-eabi/lib/thumb/v7e-m/nofp/libstdc++.a(functexcept.o)
                0x0000000008014070                std::__throw_bad_alloc()
 .text.unlikely._ZSt19__throw_logic_errorPKc
                0x0000000008014090       0x30 /Applications/ARM/bin/../lib/gcc/arm-none-eabi/10.3.1/../../../../arm-none-eabi/lib/thumb/v7e-m/nofp/libstdc++.a(functexcept.o)
                0x0000000008014090                std::__throw_logic_error(char const*)
 .text.unlikely._ZSt20__throw_length_errorPKc
                0x00000000080140c0       0x30 /Applications/ARM/bin/../lib/gcc/arm-none-eabi/10.3.1/../../../../arm-none-eabi/lib/thumb/v7e-m/nofp/libstdc++.a(functexcept.o)
                0x00000000080140c0                std::__throw_length_error(char const*)
 .text._ZNSt7__cxx1112basic_stringIcSt11char_traitsIcESaIcEE9_M_createERjj
                0x00000000080140f0       0x48 /Applications/ARM/bin/../lib/gcc/arm-none-eabi/10.3.1/../../../../arm-none-eabi/lib/thumb/v7e-m/nofp/libstdc++.a(string-inst.o)
                0x00000000080140f0                std::__cxx11::basic_string<char, std::char_traits<char>, std::allocator<char> >::_M_create(unsigned int&, unsigned int)
 .text._ZNSt7__cxx1112basic_stringIcSt11char_traitsIcESaIcEE9_M_mutateEjjPKcj
                0x0000000008014138       0xac /Applications/ARM/bin/../lib/gcc/arm-none-eabi/10.3.1/../../../../arm-none-eabi/lib/thumb/v7e-m/nofp/libstdc++.a(string-inst.o)
                0x0000000008014138                std::__cxx11::basic_string<char, std::char_traits<char>, std::allocator<char> >::_M_mutate(unsigned int, unsigned int, char const*, unsigned int)
 .text._ZNSt7__cxx1112basic_stringIcSt11char_traitsIcESaIcEE7reserveEj
                0x00000000080141e4       0x8c /Applications/ARM/bin/../lib/gcc/arm-none-eabi/10.3.1/../../../../arm-none-eabi/lib/thumb/v7e-m/nofp/libstdc++.a(string-inst.o)
                0x00000000080141e4                std::__cxx11::basic_string<char, std::char_traits<char>, std::allocator<char> >::reserve(unsigned int)
 .text._ZNSt7__cxx1112basic_stringIcSt11char_traitsIcESaIcEE9_M_appendEPKcj
                0x0000000008014270       0x54 /Applications/ARM/bin/../lib/gcc/arm-none-eabi/10.3.1/../../../../arm-none-eabi/lib/thumb/v7e-m/nofp/libstdc++.a(string-inst.o)
                0x0000000008014270                std::__cxx11::basic_string<char, std::char_traits<char>, std::allocator<char> >::_M_append(char const*, unsigned int)
 .text._ZNKSt9bad_alloc4whatEv
                0x00000000080142c4        0x8 /Applications/ARM/bin/../lib/gcc/arm-none-eabi/10.3.1/../../../../arm-none-eabi/lib/thumb/v7e-m/nofp/libstdc++.a(bad_alloc.o)
                0x00000000080142c4                std::bad_alloc::what() const
 .text._ZNSt9bad_allocD2Ev
                0x00000000080142cc       0x14 /Applications/ARM/bin/../lib/gcc/arm-none-eabi/10.3.1/../../../../arm-none-eabi/lib/thumb/v7e-m/nofp/libstdc++.a(bad_alloc.o)
                0x00000000080142cc                std::bad_alloc::~bad_alloc()
                0x00000000080142cc                std::bad_alloc::~bad_alloc()
 .text._ZNSt9bad_allocD0Ev
                0x00000000080142e0       0x1c /Applications/ARM/bin/../lib/gcc/arm-none-eabi/10.3.1/../../../../arm-none-eabi/lib/thumb/v7e-m/nofp/libstdc++.a(bad_alloc.o)
                0x00000000080142e0                std::bad_alloc::~bad_alloc()
 .text._ZNK10__cxxabiv117__class_type_info11__do_upcastEPKS0_PPv
                0x00000000080142fc       0x34 /Applications/ARM/bin/../lib/gcc/arm-none-eabi/10.3.1/../../../../arm-none-eabi/lib/thumb/v7e-m/nofp/libstdc++.a(class_type_info.o)
                0x00000000080142fc                __cxxabiv1::__class_type_info::__do_upcast(__cxxabiv1::__class_type_info const*, void**) const
 .text._ZNK10__cxxabiv117__class_type_info20__do_find_public_srcEiPKvPKS0_S2_
                0x0000000008014330        0xc /Applications/ARM/bin/../lib/gcc/arm-none-eabi/10.3.1/../../../../arm-none-eabi/lib/thumb/v7e-m/nofp/libstdc++.a(class_type_info.o)
                0x0000000008014330                __cxxabiv1::__class_type_info::__do_find_public_src(int, void const*, __cxxabiv1::__class_type_info const*, void const*) const
 .text._ZN10__cxxabiv117__class_type_infoD2Ev
                0x000000000801433c       0x14 /Applications/ARM/bin/../lib/gcc/arm-none-eabi/10.3.1/../../../../arm-none-eabi/lib/thumb/v7e-m/nofp/libstdc++.a(class_type_info.o)
                0x000000000801433c                __cxxabiv1::__class_type_info::~__class_type_info()
                0x000000000801433c                __cxxabiv1::__class_type_info::~__class_type_info()
 .text._ZN10__cxxabiv117__class_type_infoD0Ev
                0x0000000008014350       0x1c /Applications/ARM/bin/../lib/gcc/arm-none-eabi/10.3.1/../../../../arm-none-eabi/lib/thumb/v7e-m/nofp/libstdc++.a(class_type_info.o)
                0x0000000008014350                __cxxabiv1::__class_type_info::~__class_type_info()
 .text._ZNK10__cxxabiv117__class_type_info12__do_dyncastEiNS0_10__sub_kindEPKS0_PKvS3_S5_RNS0_16__dyncast_resultE
                0x000000000801436c       0x44 /Applications/ARM/bin/../lib/gcc/arm-none-eabi/10.3.1/../../../../arm-none-eabi/lib/thumb/v7e-m/nofp/libstdc++.a(class_type_info.o)
                0x000000000801436c                __cxxabiv1::__class_type_info::__do_dyncast(int, __cxxabiv1::__class_type_info::__sub_kind, __cxxabiv1::__class_type_info const*, void const*, __cxxabiv1::__class_type_info const*, void const*, __cxxabiv1::__class_type_info::__dyncast_result&) const
 .text._ZNK10__cxxabiv117__class_type_info11__do_upcastEPKS0_PKvRNS0_15__upcast_resultE
                0x00000000080143b0       0x1c /Applications/ARM/bin/../lib/gcc/arm-none-eabi/10.3.1/../../../../arm-none-eabi/lib/thumb/v7e-m/nofp/libstdc++.a(class_type_info.o)
                0x00000000080143b0                __cxxabiv1::__class_type_info::__do_upcast(__cxxabiv1::__class_type_info const*, void const*, __cxxabiv1::__class_type_info::__upcast_result&) const
 .text._ZNK10__cxxabiv117__class_type_info10__do_catchEPKSt9type_infoPPvj
                0x00000000080143cc       0x2c /Applications/ARM/bin/../lib/gcc/arm-none-eabi/10.3.1/../../../../arm-none-eabi/lib/thumb/v7e-m/nofp/libstdc++.a(class_type_info.o)
                0x00000000080143cc                __cxxabiv1::__class_type_info::__do_catch(std::type_info const*, void**, unsigned int) const
 .text._ZdlPv   0x00000000080143f8        0x4 /Applications/ARM/bin/../lib/gcc/arm-none-eabi/10.3.1/../../../../arm-none-eabi/lib/thumb/v7e-m/nofp/libstdc++.a(del_op.o)
                0x00000000080143f8                operator delete(void*)
 .text._ZN12_GLOBAL__N_14pool4freeEPv.constprop.0
                0x00000000080143fc       0x88 /Applications/ARM/bin/../lib/gcc/arm-none-eabi/10.3.1/../../../../arm-none-eabi/lib/thumb/v7e-m/nofp/libstdc++.a(eh_alloc.o)
 .text._ZN12_GLOBAL__N_14pool8allocateEj.constprop.0
                0x0000000008014484       0x5c /Applications/ARM/bin/../lib/gcc/arm-none-eabi/10.3.1/../../../../arm-none-eabi/lib/thumb/v7e-m/nofp/libstdc++.a(eh_alloc.o)
 .text.__cxa_allocate_exception
                0x00000000080144e0       0x30 /Applications/ARM/bin/../lib/gcc/arm-none-eabi/10.3.1/../../../../arm-none-eabi/lib/thumb/v7e-m/nofp/libstdc++.a(eh_alloc.o)
                0x00000000080144e0                __cxa_allocate_exception
 .text.__cxa_free_exception
                0x0000000008014510       0x20 /Applications/ARM/bin/../lib/gcc/arm-none-eabi/10.3.1/../../../../arm-none-eabi/lib/thumb/v7e-m/nofp/libstdc++.a(eh_alloc.o)
                0x0000000008014510                __cxa_free_exception
 .text.startup._GLOBAL__sub_I__ZN9__gnu_cxx9__freeresEv
                0x0000000008014530       0x28 /Applications/ARM/bin/../lib/gcc/arm-none-eabi/10.3.1/../../../../arm-none-eabi/lib/thumb/v7e-m/nofp/libstdc++.a(eh_alloc.o)
 .text._ZN10__cxxabiv1L24__is_gxx_exception_classEPc
                0x0000000008014558       0x3c /Applications/ARM/bin/../lib/gcc/arm-none-eabi/10.3.1/../../../../arm-none-eabi/lib/thumb/v7e-m/nofp/libstdc++.a(eh_call.o)
 .text.__cxa_call_terminate
                0x0000000008014594       0x20 /Applications/ARM/bin/../lib/gcc/arm-none-eabi/10.3.1/../../../../arm-none-eabi/lib/thumb/v7e-m/nofp/libstdc++.a(eh_call.o)
                0x0000000008014594                __cxa_call_terminate
 .text.unlikely.__cxa_call_unexpected
                0x00000000080145b4       0xe4 /Applications/ARM/bin/../lib/gcc/arm-none-eabi/10.3.1/../../../../arm-none-eabi/lib/thumb/v7e-m/nofp/libstdc++.a(eh_call.o)
                0x00000000080145b4                __cxa_call_unexpected
 .text.__cxa_begin_catch
                0x0000000008014698       0x7c /Applications/ARM/bin/../lib/gcc/arm-none-eabi/10.3.1/../../../../arm-none-eabi/lib/thumb/v7e-m/nofp/libstdc++.a(eh_catch.o)
                0x0000000008014698                __cxa_begin_catch
 .text.__cxa_end_catch
                0x0000000008014714       0x8c /Applications/ARM/bin/../lib/gcc/arm-none-eabi/10.3.1/../../../../arm-none-eabi/lib/thumb/v7e-m/nofp/libstdc++.a(eh_catch.o)
                0x0000000008014714                __cxa_end_catch
 .text._ZL23__gxx_exception_cleanup19_Unwind_Reason_CodeP21_Unwind_Control_Block
                0x00000000080147a0       0x44 /Applications/ARM/bin/../lib/gcc/arm-none-eabi/10.3.1/../../../../arm-none-eabi/lib/thumb/v7e-m/nofp/libstdc++.a(eh_throw.o)
 .text.__cxa_init_primary_exception
                0x00000000080147e4       0x58 /Applications/ARM/bin/../lib/gcc/arm-none-eabi/10.3.1/../../../../arm-none-eabi/lib/thumb/v7e-m/nofp/libstdc++.a(eh_throw.o)
                0x00000000080147e4                __cxa_init_primary_exception
 .text.__cxa_throw
                0x000000000801483c       0x34 /Applications/ARM/bin/../lib/gcc/arm-none-eabi/10.3.1/../../../../arm-none-eabi/lib/thumb/v7e-m/nofp/libstdc++.a(eh_throw.o)
                0x000000000801483c                __cxa_throw
 .text.__cxa_rethrow
                0x0000000008014870       0x70 /Applications/ARM/bin/../lib/gcc/arm-none-eabi/10.3.1/../../../../arm-none-eabi/lib/thumb/v7e-m/nofp/libstdc++.a(eh_throw.o)
                0x0000000008014870                __cxa_rethrow
 .text.__cxa_current_exception_type
                0x00000000080148e0       0x1c /Applications/ARM/bin/../lib/gcc/arm-none-eabi/10.3.1/../../../../arm-none-eabi/lib/thumb/v7e-m/nofp/libstdc++.a(eh_type.o)
                0x00000000080148e0                __cxa_current_exception_type
 .text._ZSt15get_new_handlerv
                0x00000000080148fc       0x10 /Applications/ARM/bin/../lib/gcc/arm-none-eabi/10.3.1/../../../../arm-none-eabi/lib/thumb/v7e-m/nofp/libstdc++.a(new_handler.o)
                0x00000000080148fc                std::get_new_handler()
 .text._ZNKSt11logic_error4whatEv
                0x000000000801490c        0x4 /Applications/ARM/bin/../lib/gcc/arm-none-eabi/10.3.1/../../../../arm-none-eabi/lib/thumb/v7e-m/nofp/libstdc++.a(stdexcept.o)
                0x000000000801490c                std::runtime_error::what() const
                0x000000000801490c                std::logic_error::what() const
 .text._ZNSt11logic_errorD2Ev
                0x0000000008014910       0x40 /Applications/ARM/bin/../lib/gcc/arm-none-eabi/10.3.1/../../../../arm-none-eabi/lib/thumb/v7e-m/nofp/libstdc++.a(stdexcept.o)
                0x0000000008014910                std::logic_error::~logic_error()
                0x0000000008014910                std::logic_error::~logic_error()
 .text._ZNSt12length_errorD2Ev
                0x0000000008014950       0x40 /Applications/ARM/bin/../lib/gcc/arm-none-eabi/10.3.1/../../../../arm-none-eabi/lib/thumb/v7e-m/nofp/libstdc++.a(stdexcept.o)
                0x0000000008014950                std::length_error::~length_error()
                0x0000000008014950                std::length_error::~length_error()
 .text._ZNSt11logic_errorD0Ev
                0x0000000008014990       0x48 /Applications/ARM/bin/../lib/gcc/arm-none-eabi/10.3.1/../../../../arm-none-eabi/lib/thumb/v7e-m/nofp/libstdc++.a(stdexcept.o)
                0x0000000008014990                std::logic_error::~logic_error()
 .text._ZNSt12length_errorD0Ev
                0x00000000080149d8       0x48 /Applications/ARM/bin/../lib/gcc/arm-none-eabi/10.3.1/../../../../arm-none-eabi/lib/thumb/v7e-m/nofp/libstdc++.a(stdexcept.o)
                0x00000000080149d8                std::length_error::~length_error()
 .text._ZNSt11logic_errorC2EPKc
                0x0000000008014a20       0x80 /Applications/ARM/bin/../lib/gcc/arm-none-eabi/10.3.1/../../../../arm-none-eabi/lib/thumb/v7e-m/nofp/libstdc++.a(cow-stdexcept.o)
                0x0000000008014a20                std::logic_error::logic_error(char const*)
                0x0000000008014a20                std::logic_error::logic_error(char const*)
 .text._ZNSt12length_errorC2EPKc
                0x0000000008014aa0       0x14 /Applications/ARM/bin/../lib/gcc/arm-none-eabi/10.3.1/../../../../arm-none-eabi/lib/thumb/v7e-m/nofp/libstdc++.a(cow-stdexcept.o)
                0x0000000008014aa0                std::length_error::length_error(char const*)
                0x0000000008014aa0                std::length_error::length_error(char const*)
 .text._ZNSs4_Rep9_S_createEjjRKSaIcE
                0x0000000008014ab4       0x78 /Applications/ARM/bin/../lib/gcc/arm-none-eabi/10.3.1/../../../../arm-none-eabi/lib/thumb/v7e-m/nofp/libstdc++.a(cow-string-inst.o)
                0x0000000008014ab4                std::string::_Rep::_S_create(unsigned int, unsigned int, std::allocator<char> const&)
 .text._ZNSs4_Rep10_M_destroyERKSaIcE
                0x0000000008014b2c        0x4 /Applications/ARM/bin/../lib/gcc/arm-none-eabi/10.3.1/../../../../arm-none-eabi/lib/thumb/v7e-m/nofp/libstdc++.a(cow-string-inst.o)
                0x0000000008014b2c                std::string::_Rep::_M_destroy(std::allocator<char> const&)
 .text.unlikely
                0x0000000008014b30        0xc /Applications/ARM/bin/../lib/gcc/arm-none-eabi/10.3.1/thumb/v7e-m/nofp/libgcc.a(pr-support.o)
                0x0000000008014b30                _Unwind_GetDataRelBase
                0x0000000008014b36                _Unwind_GetTextRelBase
 .text.abort    0x0000000008014b3c       0x10 /Applications/ARM/bin/../lib/gcc/arm-none-eabi/10.3.1/../../../../arm-none-eabi/lib/thumb/v7e-m/nofp/libc.a(lib_a-abort.o)
                0x0000000008014b3c                abort
 .text.__errno  0x0000000008014b4c        0xc /Applications/ARM/bin/../lib/gcc/arm-none-eabi/10.3.1/../../../../arm-none-eabi/lib/thumb/v7e-m/nofp/libc.a(lib_a-errno.o)
                0x0000000008014b4c                __errno
 .text.fputc    0x0000000008014b58       0x58 /Applications/ARM/bin/../lib/gcc/arm-none-eabi/10.3.1/../../../../arm-none-eabi/lib/thumb/v7e-m/nofp/libc.a(lib_a-fputc.o)
                0x0000000008014b58                fputc
 .text._fputs_r
                0x0000000008014bb0       0x88 /Applications/ARM/bin/../lib/gcc/arm-none-eabi/10.3.1/../../../../arm-none-eabi/lib/thumb/v7e-m/nofp/libc.a(lib_a-fputs.o)
                0x0000000008014bb0                _fputs_r
 .text.fputs    0x0000000008014c38       0x18 /Applications/ARM/bin/../lib/gcc/arm-none-eabi/10.3.1/../../../../arm-none-eabi/lib/thumb/v7e-m/nofp/libc.a(lib_a-fputs.o)
                0x0000000008014c38                fputs
 .text.__sfvwrite_r
                0x0000000008014c50      0x2e8 /Applications/ARM/bin/../lib/gcc/arm-none-eabi/10.3.1/../../../../arm-none-eabi/lib/thumb/v7e-m/nofp/libc.a(lib_a-fvwrite.o)
                0x0000000008014c50                __sfvwrite_r
 .text._fwrite_r
                0x0000000008014f38       0xa8 /Applications/ARM/bin/../lib/gcc/arm-none-eabi/10.3.1/../../../../arm-none-eabi/lib/thumb/v7e-m/nofp/libc.a(lib_a-fwrite.o)
                0x0000000008014f38                _fwrite_r
 .text.fwrite   0x0000000008014fe0       0x20 /Applications/ARM/bin/../lib/gcc/arm-none-eabi/10.3.1/../../../../arm-none-eabi/lib/thumb/v7e-m/nofp/libc.a(lib_a-fwrite.o)
                0x0000000008014fe0                fwrite
 .text.__libc_init_array
                0x0000000008015000       0x48 /Applications/ARM/bin/../lib/gcc/arm-none-eabi/10.3.1/../../../../arm-none-eabi/lib/thumb/v7e-m/nofp/libc.a(lib_a-init.o)
                0x0000000008015000                __libc_init_array
 .text.__retarget_lock_init_recursive
                0x0000000008015048        0x4 /Applications/ARM/bin/../lib/gcc/arm-none-eabi/10.3.1/../../../../arm-none-eabi/lib/thumb/v7e-m/nofp/libc.a(lib_a-lock.o)
                0x0000000008015048                __retarget_lock_init_recursive
 .text.__retarget_lock_close_recursive
                0x000000000801504c        0x4 /Applications/ARM/bin/../lib/gcc/arm-none-eabi/10.3.1/../../../../arm-none-eabi/lib/thumb/v7e-m/nofp/libc.a(lib_a-lock.o)
                0x000000000801504c                __retarget_lock_close_recursive
 .text.__retarget_lock_acquire_recursive
                0x0000000008015050        0x4 /Applications/ARM/bin/../lib/gcc/arm-none-eabi/10.3.1/../../../../arm-none-eabi/lib/thumb/v7e-m/nofp/libc.a(lib_a-lock.o)
                0x0000000008015050                __retarget_lock_acquire_recursive
 .text.__retarget_lock_release_recursive
                0x0000000008015054        0x4 /Applications/ARM/bin/../lib/gcc/arm-none-eabi/10.3.1/../../../../arm-none-eabi/lib/thumb/v7e-m/nofp/libc.a(lib_a-lock.o)
                0x0000000008015054                __retarget_lock_release_recursive
 .text.malloc   0x0000000008015058       0x10 /Applications/ARM/bin/../lib/gcc/arm-none-eabi/10.3.1/../../../../arm-none-eabi/lib/thumb/v7e-m/nofp/libc.a(lib_a-malloc.o)
                0x0000000008015058                malloc
 .text.free     0x0000000008015068       0x10 /Applications/ARM/bin/../lib/gcc/arm-none-eabi/10.3.1/../../../../arm-none-eabi/lib/thumb/v7e-m/nofp/libc.a(lib_a-malloc.o)
                0x0000000008015068                free
 .text._malloc_r
                0x0000000008015078      0x560 /Applications/ARM/bin/../lib/gcc/arm-none-eabi/10.3.1/../../../../arm-none-eabi/lib/thumb/v7e-m/nofp/libc.a(lib_a-mallocr.o)
                0x0000000008015078                _malloc_r
 .text.memcmp   0x00000000080155d8       0x68 /Applications/ARM/bin/../lib/gcc/arm-none-eabi/10.3.1/../../../../arm-none-eabi/lib/thumb/v7e-m/nofp/libc.a(lib_a-memcmp.o)
                0x00000000080155d8                memcmp
 .text.memmove  0x0000000008015640       0xf8 /Applications/ARM/bin/../lib/gcc/arm-none-eabi/10.3.1/../../../../arm-none-eabi/lib/thumb/v7e-m/nofp/libc.a(lib_a-memmove.o)
                0x0000000008015640                memmove
 .text.memset   0x0000000008015738       0xa4 /Applications/ARM/bin/../lib/gcc/arm-none-eabi/10.3.1/../../../../arm-none-eabi/lib/thumb/v7e-m/nofp/libc.a(lib_a-memset.o)
                0x0000000008015738                memset
 .text.__malloc_lock
                0x00000000080157dc        0xc /Applications/ARM/bin/../lib/gcc/arm-none-eabi/10.3.1/../../../../arm-none-eabi/lib/thumb/v7e-m/nofp/libc.a(lib_a-mlock.o)
                0x00000000080157dc                __malloc_lock
 .text.__malloc_unlock
                0x00000000080157e8        0xc /Applications/ARM/bin/../lib/gcc/arm-none-eabi/10.3.1/../../../../arm-none-eabi/lib/thumb/v7e-m/nofp/libc.a(lib_a-mlock.o)
                0x00000000080157e8                __malloc_unlock
 .text._putc_r  0x00000000080157f4       0x74 /Applications/ARM/bin/../lib/gcc/arm-none-eabi/10.3.1/../../../../arm-none-eabi/lib/thumb/v7e-m/nofp/libc.a(lib_a-putc.o)
                0x00000000080157f4                _putc_r
 .text.realloc  0x0000000008015868       0x18 /Applications/ARM/bin/../lib/gcc/arm-none-eabi/10.3.1/../../../../arm-none-eabi/lib/thumb/v7e-m/nofp/libc.a(lib_a-realloc.o)
                0x0000000008015868                realloc
 .text._realloc_r
                0x0000000008015880      0x3d8 /Applications/ARM/bin/../lib/gcc/arm-none-eabi/10.3.1/../../../../arm-none-eabi/lib/thumb/v7e-m/nofp/libc.a(lib_a-reallocr.o)
                0x0000000008015880                _realloc_r
 .text._sbrk_r  0x0000000008015c58       0x24 /Applications/ARM/bin/../lib/gcc/arm-none-eabi/10.3.1/../../../../arm-none-eabi/lib/thumb/v7e-m/nofp/libc.a(lib_a-sbrkr.o)
                0x0000000008015c58                _sbrk_r
 .text.raise    0x0000000008015c7c       0x5c /Applications/ARM/bin/../lib/gcc/arm-none-eabi/10.3.1/../../../../arm-none-eabi/lib/thumb/v7e-m/nofp/libc.a(lib_a-signal.o)
                0x0000000008015c7c                raise
 .text._kill_r  0x0000000008015cd8       0x2c /Applications/ARM/bin/../lib/gcc/arm-none-eabi/10.3.1/../../../../arm-none-eabi/lib/thumb/v7e-m/nofp/libc.a(lib_a-signalr.o)
                0x0000000008015cd8                _kill_r
 .text._getpid_r
                0x0000000008015d04        0x4 /Applications/ARM/bin/../lib/gcc/arm-none-eabi/10.3.1/../../../../arm-none-eabi/lib/thumb/v7e-m/nofp/libc.a(lib_a-signalr.o)
                0x0000000008015d04                _getpid_r
 .text.snprintf
                0x0000000008015d08       0x88 /Applications/ARM/bin/../lib/gcc/arm-none-eabi/10.3.1/../../../../arm-none-eabi/lib/thumb/v7e-m/nofp/libc.a(lib_a-snprintf.o)
                0x0000000008015d08                snprintf
 .text.sprintf  0x0000000008015d90       0x40 /Applications/ARM/bin/../lib/gcc/arm-none-eabi/10.3.1/../../../../arm-none-eabi/lib/thumb/v7e-m/nofp/libc.a(lib_a-sprintf.o)
                0x0000000008015d90                sprintf
 .text.strncmp  0x0000000008015dd0       0x80 /Applications/ARM/bin/../lib/gcc/arm-none-eabi/10.3.1/../../../../arm-none-eabi/lib/thumb/v7e-m/nofp/libc.a(lib_a-strncmp.o)
                0x0000000008015dd0                strncmp
 .text._svfprintf_r
                0x0000000008015e50     0x1a3c /Applications/ARM/bin/../lib/gcc/arm-none-eabi/10.3.1/../../../../arm-none-eabi/lib/thumb/v7e-m/nofp/libc.a(lib_a-svfprintf.o)
                0x0000000008015e50                _svfprintf_r
 .text.__swbuf_r
                0x000000000801788c       0xb0 /Applications/ARM/bin/../lib/gcc/arm-none-eabi/10.3.1/../../../../arm-none-eabi/lib/thumb/v7e-m/nofp/libc.a(lib_a-wbuf.o)
                0x000000000801788c                __swbuf_r
 .text._write_r
                0x000000000801793c       0x2c /Applications/ARM/bin/../lib/gcc/arm-none-eabi/10.3.1/../../../../arm-none-eabi/lib/thumb/v7e-m/nofp/libc.a(lib_a-writer.o)
                0x000000000801793c                _write_r
 .text.__swsetup_r
                0x0000000008017968       0xd4 /Applications/ARM/bin/../lib/gcc/arm-none-eabi/10.3.1/../../../../arm-none-eabi/lib/thumb/v7e-m/nofp/libc.a(lib_a-wsetup.o)
                0x0000000008017968                __swsetup_r
 .text.startup.register_fini
                0x0000000008017a3c       0x14 /Applications/ARM/bin/../lib/gcc/arm-none-eabi/10.3.1/../../../../arm-none-eabi/lib/thumb/v7e-m/nofp/libc.a(lib_a-__call_atexit.o)
 .text.atexit   0x0000000008017a50        0xc /Applications/ARM/bin/../lib/gcc/arm-none-eabi/10.3.1/../../../../arm-none-eabi/lib/thumb/v7e-m/nofp/libc.a(lib_a-atexit.o)
                0x0000000008017a50                atexit
 .text._close_r
                0x0000000008017a5c       0x24 /Applications/ARM/bin/../lib/gcc/arm-none-eabi/10.3.1/../../../../arm-none-eabi/lib/thumb/v7e-m/nofp/libc.a(lib_a-closer.o)
                0x0000000008017a5c                _close_r
 .text.quorem   0x0000000008017a80      0x124 /Applications/ARM/bin/../lib/gcc/arm-none-eabi/10.3.1/../../../../arm-none-eabi/lib/thumb/v7e-m/nofp/libc.a(lib_a-dtoa.o)
 *fill*         0x0000000008017ba4        0x4 
 .text._dtoa_r  0x0000000008017ba8      0xec4 /Applications/ARM/bin/../lib/gcc/arm-none-eabi/10.3.1/../../../../arm-none-eabi/lib/thumb/v7e-m/nofp/libc.a(lib_a-dtoa.o)